Component: ARM Compiler 5.06 update 1 (build 61) Tool: armlink [4d35a8]

==============================================================================

Section Cross References

    stm32f10x_it.o(.text) refers to usart.o(.text) for UsartPrintf
    system_stm32f10x.o(.text) refers to system_stm32f10x.o(.data) for SystemCoreClock
    startup_stm32f10x_md.o(STACK) refers (Special) to heapauxi.o(.text) for __use_two_region_memory
    startup_stm32f10x_md.o(HEAP) refers (Special) to heapauxi.o(.text) for __use_two_region_memory
    startup_stm32f10x_md.o(RESET) refers (Special) to heapauxi.o(.text) for __use_two_region_memory
    startup_stm32f10x_md.o(RESET) refers to startup_stm32f10x_md.o(STACK) for __initial_sp
    startup_stm32f10x_md.o(RESET) refers to startup_stm32f10x_md.o(.text) for Reset_Handler
    startup_stm32f10x_md.o(RESET) refers to stm32f10x_it.o(.text) for NMI_Handler
    startup_stm32f10x_md.o(RESET) refers to usart.o(.text) for USART1_IRQHandler
    startup_stm32f10x_md.o(RESET) refers to esp8266.o(.text) for USART2_IRQHandler
    startup_stm32f10x_md.o(.text) refers (Special) to heapauxi.o(.text) for __use_two_region_memory
    startup_stm32f10x_md.o(.text) refers to system_stm32f10x.o(.text) for SystemInit
    startup_stm32f10x_md.o(.text) refers to __main.o(!!!main) for __main
    startup_stm32f10x_md.o(.text) refers to startup_stm32f10x_md.o(HEAP) for Heap_Mem
    startup_stm32f10x_md.o(.text) refers to startup_stm32f10x_md.o(STACK) for Stack_Mem
    stm32f10x_gpio.o(.text) refers to stm32f10x_rcc.o(.text) for RCC_APB2PeriphResetCmd
    stm32f10x_rcc.o(.text) refers to stm32f10x_rcc.o(.data) for APBAHBPrescTable
    stm32f10x_usart.o(.text) refers to stm32f10x_rcc.o(.text) for RCC_APB2PeriphResetCmd
    delay.o(.text) refers to delay.o(.data) for UsCount
    led.o(.text) refers to stm32f10x_gpio.o(.text) for GPIO_WriteBit
    led.o(.text) refers to stm32f10x_rcc.o(.text) for RCC_APB2PeriphClockCmd
    led.o(.text) refers to led.o(.data) for led_status
    usart.o(.text) refers to stm32f10x_rcc.o(.text) for RCC_APB2PeriphClockCmd
    usart.o(.text) refers to stm32f10x_gpio.o(.text) for GPIO_Init
    usart.o(.text) refers to stm32f10x_usart.o(.text) for USART_Init
    usart.o(.text) refers to misc.o(.text) for NVIC_Init
    usart.o(.text) refers to c89vsnprintf.o(.text) for __c89vsnprintf
    main.o(.text) refers to misc.o(.text) for NVIC_PriorityGroupConfig
    main.o(.text) refers to delay.o(.text) for Delay_Init
    main.o(.text) refers to usart.o(.text) for Usart1_Init
    main.o(.text) refers to led.o(.text) for Led_Init
    main.o(.text) refers to esp8266.o(.text) for ESP8266_Init
    main.o(.text) refers to onenet.o(.text) for OneNet_DevLink
    onenet.o(.text) refers to _printf_percent.o(.ARM.Collect$$_printf_percent$$00000000) for _printf_percent
    onenet.o(.text) refers to _printf_d.o(.ARM.Collect$$_printf_percent$$00000009) for _printf_d
    onenet.o(.text) refers to _printf_dec.o(.text) for _printf_int_dec
    onenet.o(.text) refers to usart.o(.text) for UsartPrintf
    onenet.o(.text) refers to edpkit.o(.text) for EDP_PacketConnect1
    onenet.o(.text) refers to esp8266.o(.text) for ESP8266_SendData
    onenet.o(.text) refers to __2sprintf.o(.text) for __2sprintf
    onenet.o(.text) refers to strcat.o(.text) for strcat
    onenet.o(.text) refers to strlen.o(.text) for strlen
    onenet.o(.text) refers to rt_memclr_w.o(.text) for __aeabi_memclr4
    onenet.o(.text) refers to strchr.o(.text) for strchr
    onenet.o(.text) refers to atoi.o(.text) for atoi
    onenet.o(.text) refers to strstr.o(.text) for strstr
    onenet.o(.text) refers to led.o(.text) for Led5_Set
    onenet.o(.text) refers to led.o(.data) for led_status
    onenet.o(.text) refers to h1_free.o(.text) for free
    edpkit.o(.text) refers to h1_alloc.o(.text) for malloc
    edpkit.o(.text) refers to h1_free.o(.text) for free
    edpkit.o(.text) refers to strlen.o(.text) for strlen
    edpkit.o(.text) refers to strncat.o(.text) for strncat
    edpkit.o(.text) refers to rt_memclr.o(.text) for __aeabi_memclr
    edpkit.o(.text) refers to rt_memcpy_v6.o(.text) for __aeabi_memcpy
    esp8266.o(.text) refers to _printf_percent.o(.ARM.Collect$$_printf_percent$$00000000) for _printf_percent
    esp8266.o(.text) refers to _printf_d.o(.ARM.Collect$$_printf_percent$$00000009) for _printf_d
    esp8266.o(.text) refers to _printf_dec.o(.text) for _printf_int_dec
    esp8266.o(.text) refers to rt_memclr.o(.text) for __aeabi_memclr
    esp8266.o(.text) refers to strlen.o(.text) for strlen
    esp8266.o(.text) refers to usart.o(.text) for Usart_SendString
    esp8266.o(.text) refers to strstr.o(.text) for strstr
    esp8266.o(.text) refers to delay.o(.text) for DelayXms
    esp8266.o(.text) refers to __2sprintf.o(.text) for __2sprintf
    esp8266.o(.text) refers to strchr.o(.text) for strchr
    esp8266.o(.text) refers to stm32f10x_rcc.o(.text) for RCC_APB2PeriphClockCmd
[...]
    !!handler_copy                           0x08000128   Section       26  __scatter_copy.o(!!handler_copy)
    !!handler_zi                             0x08000144   Section       28  __scatter_zi.o(!!handler_zi)
    .ARM.Collect$$_printf_percent$$00000000  0x08000160   Section        0  _printf_percent.o(.ARM.Collect$$_printf_percent$$00000000)
    .ARM.Collect$$_printf_percent$$00000001  0x08000160   Section        6  _printf_n.o(.ARM.Collect$$_printf_percent$$00000001)
    .ARM.Collect$$_printf_percent$$00000002  0x08000166   Section        6  _printf_p.o(.ARM.Collect$$_printf_percent$$00000002)
    .ARM.Collect$$_printf_percent$$00000003  0x0800016c   Section        6  _printf_f.o(.ARM.Collect$$_printf_percent$$00000003)
    .ARM.Collect$$_printf_percent$$00000004  0x08000172   Section        6  _printf_e.o(.ARM.Collect$$_printf_percent$$00000004)
    .ARM.Collect$$_printf_percent$$00000005  0x08000178   Section        6  _printf_g.o(.ARM.Collect$$_printf_percent$$00000005)
    .ARM.Collect$$_printf_percent$$00000006  0x0800017e   Section        6  _printf_a.o(.ARM.Collect$$_printf_percent$$00000006)
    .ARM.Collect$$_printf_percent$$00000007  0x08000184   Section       10  _printf_ll.o(.ARM.Collect$$_printf_percent$$00000007)
    .ARM.Collect$$_printf_percent$$00000008  0x0800018e   Section        6  _printf_i.o(.ARM.Collect$$_printf_percent$$00000008)
    .ARM.Collect$$_printf_percent$$00000009  0x08000194   Section        6  _printf_d.o(.ARM.Collect$$_printf_percent$$00000009)
    .ARM.Collect$$_printf_percent$$0000000A  0x0800019a   Section        6  _printf_u.o(.ARM.Collect$$_printf_percent$$0000000A)
    .ARM.Collect$$_printf_percent$$0000000B  0x080001a0   Section        6  _printf_o.o(.ARM.Collect$$_printf_percent$$0000000B)
    .ARM.Collect$$_printf_percent$$0000000C  0x080001a6   Section        6  _printf_x.o(.ARM.Collect$$_printf_percent$$0000000C)
    .ARM.Collect$$_printf_percent$$0000000D  0x080001ac   Section        6  _printf_lli.o(.ARM.Collect$$_printf_percent$$0000000D)
    .ARM.Collect$$_printf_percent$$0000000E  0x080001b2   Section        6  _printf_lld.o(.ARM.Collect$$_printf_percent$$0000000E)
    .ARM.Collect$$_printf_percent$$0000000F  0x080001b8   Section        6  _printf_llu.o(.ARM.Collect$$_printf_percent$$0000000F)
    .ARM.Collect$$_printf_percent$$00000010  0x080001be   Section        6  _printf_llo.o(.ARM.Collect$$_printf_percent$$00000010)
    .ARM.Collect$$_printf_percent$$00000011  0x080001c4   Section        6  _printf_llx.o(.ARM.Collect$$_printf_percent$$00000011)
    .ARM.Collect$$_printf_percent$$00000012  0x080001ca   Section       10  _printf_l.o(.ARM.Collect$$_printf_percent$$00000012)
    .ARM.Collect$$_printf_percent$$00000013  0x080001d4   Section        6  _printf_c.o(.ARM.Collect$$_printf_percent$$00000013)
    .ARM.Collect$$_printf_percent$$00000014  0x080001da   Section        6  _printf_s.o(.ARM.Collect$$_printf_percent$$00000014)
    .ARM.Collect$$_printf_percent$$00000015  0x080001e0   Section        6  _printf_lc.o(.ARM.Collect$$_printf_percent$$00000015)
    .ARM.Collect$$_printf_percent$$00000016  0x080001e6   Section        6  _printf_ls.o(.ARM.Collect$$_printf_percent$$00000016)
    .ARM.Collect$$_printf_percent$$00000017  0x080001ec   Section        4  _printf_percent_end.o(.ARM.Collect$$_printf_percent$$00000017)
    .ARM.Collect$$libinit$$00000000          0x080001f0   Section        2  libinit.o(.ARM.Collect$$libinit$$00000000)
    .ARM.Collect$$libinit$$00000002          0x080001f2   Section        0  libinit2.o(.ARM.Collect$$libinit$$00000002)
    .ARM.Collect$$libinit$$00000004          0x080001f2   Section        0  libinit2.o(.ARM.Collect$$libinit$$00000004)
    .ARM.Collect$$libinit$$00000005          0x080001f2   Section        8  libinit2.o(.ARM.Collect$$libinit$$00000005)
    .ARM.Collect$$libinit$$0000000A          0x080001fa   Section        0  libinit2.o(.ARM.Collect$$libinit$$0000000A)
    .ARM.Collect$$libinit$$0000000C          0x080001fa   Section        0  libinit2.o(.ARM.Collect$$libinit$$0000000C)
    .ARM.Collect$$libinit$$0000000E          0x080001fa   Section        0  libinit2.o(.ARM.Collect$$libinit$$0000000E)
    .ARM.Collect$$libinit$$0000000F          0x080001fa   Section        6  libinit2.o(.ARM.Collect$$libinit$$0000000F)
    .ARM.Collect$$libinit$$00000011          0x08000200   Section        0  libinit2.o(.ARM.Collect$$libinit$$00000011)
    .ARM.Collect$$libinit$$00000012          0x08000200   Section       12  libinit2.o(.ARM.Collect$$libinit$$00000012)
    .ARM.Collect$$libinit$$00000013          0x0800020c   Section        0  libinit2.o(.ARM.Collect$$libinit$$00000013)
    .ARM.Collect$$libinit$$00000015          0x0800020c   Section        0  libinit2.o(.ARM.Collect$$libinit$$00000015)
    .ARM.Collect$$libinit$$00000016          0x0800020c   Section       10  libinit2.o(.ARM.Collect$$libinit$$00000016)
    .ARM.Collect$$libinit$$00000017          0x08000216   Section        0  libinit2.o(.ARM.Collect$$libinit$$00000017)
    .ARM.Collect$$libinit$$00000019          0x08000216   Section        0  libinit2.o(.ARM.Collect$$libinit$$00000019)
    .ARM.Collect$$libinit$$0000001B          0x08000216   Section        0  libinit2.o(.ARM.Collect$$libinit$$0000001B)
    .ARM.Collect$$libinit$$0000001D          0x08000216   Section        0  libinit2.o(.ARM.Collect$$libinit$$0000001D)
    .ARM.Collect$$libinit$$0000001F          0x08000216   Section        0  libinit2.o(.ARM.Collect$$libinit$$0000001F)
    .ARM.Collect$$libinit$$00000021          0x08000216   Section        0  libinit2.o(.ARM.Collect$$libinit$$00000021)
    .ARM.Collect$$libinit$$00000023          0x08000216   Section        0  libinit2.o(.ARM.Collect$$libinit$$00000023)
    .ARM.Collect$$libinit$$00000025          0x08000216   Section        0  libinit2.o(.ARM.Collect$$libinit$$00000025)
    .ARM.Collect$$libinit$$0000002C          0x08000216   Section        0  libinit2.o(.ARM.Collect$$libinit$$0000002C)
    .ARM.Collect$$libinit$$0000002E          0x08000216   Section        0  libinit2.o(.ARM.Collect$$libinit$$0000002E)
    .ARM.Collect$$libinit$$00000030          0x08000216   Section        0  libinit2.o(.ARM.Collect$$libinit$$00000030)
    .ARM.Collect$$libinit$$00000032          0x08000216   Section        0  libinit2.o(.ARM.Collect$$libinit$$00000032)
    .ARM.Collect$$libinit$$00000033          0x08000216   Section        2  libinit2.o(.ARM.Collect$$libinit$$00000033)
    .ARM.Collect$$libshutdown$$00000000      0x08000218   Section        2  libshutdown.o(.ARM.Collect$$libshutdown$$00000000)
    .ARM.Collect$$libshutdown$$00000002      0x0800021a   Section        0  libshutdown2.o(.ARM.Collect$$libshutdown$$00000002)
    .ARM.Collect$$libshutdown$$00000004      0x0800021a   Section        0  libshutdown2.o(.ARM.Collect$$libshutdown$$00000004)
    .ARM.Collect$$libshutdown$$00000007      0x0800021a   Section        0  libshutdown2.o(.ARM.Collect$$libshutdown$$00000007)
    .ARM.Collect$$libshutdown$$0000000A      0x0800021a   Section        0  libshutdown2.o(.ARM.Collect$$libshutdown$$0000000A)
    .ARM.Collect$$libshutdown$$0000000C      0x0800021a   Section        0  libshutdown2.o(.ARM.Collect$$libshutdown$$0000000C)
    .ARM.Collect$$libshutdown$$0000000F      0x0800021a   Section        0  libshutdown2.o(.ARM.Collect$$libshutdown$$0000000F)
    .ARM.Collect$$libshutdown$$00000010      0x0800021a   Section        2  libshutdown2.o(.ARM.Collect$$libshutdown$$00000010)
    .ARM.Collect$$rtentry$$00000000          0x0800021c   Section        0  __rtentry.o(.ARM.Collect$$rtentry$$00000000)
    .ARM.Collect$$rtentry$$00000002          0x0800021c   Section        0  __rtentry2.o(.ARM.Collect$$rtentry$$00000002)
    .ARM.Collect$$rtentry$$00000004          0x0800021c   Section        6  __rtentry4.o(.ARM.Collect$$rtentry$$00000004)
    .ARM.Collect$$rtentry$$00000009          0x08000222   Section        0  __rtentry2.o(.ARM.Collect$$rtentry$$00000009)
    .ARM.Collect$$rtentry$$0000000A          0x08000222   Section        4  __rtentry2.o(.ARM.Collect$$rtentry$$0000000A)
    .ARM.Collect$$rtentry$$0000000C          0x08000226   Section        0  __rtentry2.o(.ARM.Collect$$rtentry$$0000000C)
    .ARM.Collect$$rtentry$$0000000D          0x08000226   Section        8  __rtentry2.o(.ARM.Collect$$rtentry$$0000000D)
    .ARM.Collect$$rtexit$$00000000           0x0800022e   Section        2  rtexit.o(.ARM.Collect$$rtexit$$00000000)
    .ARM.Collect$$rtexit$$00000002           0x08000230   Section        0  rtexit2.o(.ARM.Collect$$rtexit$$00000002)
    .ARM.Collect$$rtexit$$00000003           0x08000230   Section        4  rtexit2.o(.ARM.Collect$$rtexit$$00000003)
    .ARM.Collect$$rtexit$$00000004           0x08000234   Section        6  rtexit2.o(.ARM.Collect$$rtexit$$00000004)
    .emb_text                                0x0800023c   Section        0  maybetermalloc1.o(.emb_text)
    .text                                    0x0800023c   Section        0  stm32f10x_it.o(.text)
    .text                                    0x08000370   Section        0  system_stm32f10x.o(.text)
    SetSysClockTo72                          0x08000371   Thumb Code   214  system_stm32f10x.o(.text)
    SetSysClock                              0x08000447   Thumb Code     8  system_stm32f10x.o(.text)
    .text                                    0x08000558   Section       64  startup_stm32f10x_md.o(.text)
    .text                                    0x08000598   Section        0  misc.o(.text)
    .text                                    0x08000674   Section        0  stm32f10x_gpio.o(.text)
    .text                                    0x080009d0   Section        0  stm32f10x_rcc.o(.text)
    .text                                    0x08000d7c   Section        0  stm32f10x_usart.o(.text)
    .text                                    0x08001184   Section        0  delay.o(.text)
    .text                                    0x08001278   Section        0  led.o(.text)
    .text                                    0x0800135c   Section        0  usart.o(.text)
    .text                                    0x08001544   Section        0  main.o(.text)
    .text                                    0x080015f4   Section        0  onenet.o(.text)
    .text                                    0x08001c84   Section        0  edpkit.o(.text)
    .text                                    0x08002454   Section        0  esp8266.o(.text)
    .text                                    0x08002748   Section        0  h1_alloc.o(.text)
    .text                                    0x080027a6   Section        0  h1_free.o(.text)
    .text                                    0x080027f4   Section        0  c89vsnprintf.o(.text)
    .text                                    0x08002828   Section        0  __2sprintf.o(.text)
    .text                                    0x08002854   Section        0  _printf_dec.o(.text)
    .text                                    0x080028cc   Section        0  __printf_flags_ss_wp.o(.text)
    .text                                    0x08002a54   Section        0  atoi.o(.text)
    .text                                    0x08002a6e   Section        0  strchr.o(.text)
    .text                                    0x08002a82   Section        0  strncat.o(.text)
    .text                                    0x08002aa6   Section        0  strstr.o(.text)
    .text                                    0x08002aca   Section        0  strlen.o(.text)
    .text                                    0x08002b08   Section        0  strcat.o(.text)
    .text                                    0x08002b20   Section      138  rt_memcpy_v6.o(.text)
    .text                                    0x08002baa   Section       68  rt_memclr.o(.text)
    .text                                    0x08002bee   Section       78  rt_memclr_w.o(.text)
    .text                                    0x08002c3c   Section        0  heapauxi.o(.text)
    .text                                    0x08002c44   Section        8  rt_heap_descriptor_intlibspace.o(.text)
    .text                                    0x08002c4c   Section        8  rt_errno_addr_intlibspace.o(.text)
    .text                                    0x08002c54   Section        0  hguard.o(.text)
    .text                                    0x08002c58   Section        0  init_alloc.o(.text)
    .text                                    0x08002ce2   Section        0  h1_init.o(.text)
    .text                                    0x08002cf0   Section        0  _printf_pad.o(.text)
    .text                                    0x08002d3e   Section        0  _printf_truncate.o(.text)
    .text                                    0x08002d62   Section        0  _printf_str.o(.text)
    .text                                    0x08002db4   Section        0  _printf_intcommon.o(.text)
    .text                                    0x08002e66   Section        0  _printf_charcount.o(.text)
    .text                                    0x08002e90   Section        0  _printf_char_common.o(.text)
    _printf_input_char                       0x08002e91   Thumb Code    10  _printf_char_common.o(.text)
    .text                                    0x08002ec0   Section        0  _sputc.o(.text)
    .text                                    0x08002eca   Section        0  _snputc.o(.text)
    .text                                    0x08002edc   Section        0  _printf_wctomb.o(.text)
    .text                                    0x08002f98   Section        0  _printf_longlong_dec.o(.text)
    .text                                    0x08003014   Section        0  _printf_oct_int_ll.o(.text)
    _printf_longlong_oct_internal            0x08003015   Thumb Code     0  _printf_oct_int_ll.o(.text)
    .text                                    0x08003084   Section        0  _printf_hex_int_ll_ptr.o(.text)
    _printf_hex_common                       0x08003085   Thumb Code     0  _printf_hex_int_ll_ptr.o(.text)
    .text                                    0x08003118   Section        0  strtol.o(.text)
    .text                                    0x08003188   Section      100  rt_memcpy_w.o(.text)
    .text                                    0x080031ec   Section        8  libspace.o(.text)
    .text                                    0x080031f4   Section       16  rt_ctype_table.o(.text)
    .text                                    0x08003204   Section        0  h1_extend.o(.text)
    .text                                    0x08003238   Section      138  lludiv10.o(.text)
    .text                                    0x080032c2   Section        0  _printf_fp_dec.o(.text)
    _fp_digits                               0x080032c5   Thumb Code   428  _printf_fp_dec.o(.text)
    .text                                    0x080036dc   Section        0  _printf_char.o(.text)
    .text                                    0x08003708   Section        0  _printf_wchar.o(.text)
    .text                                    0x08003734   Section        0  _strtoul.o(.text)
    .text                                    0x080037d2   Section        0  _wcrtomb.o(.text)
    .text                                    0x08003812   Section        0  defsig_rtmem_outer.o(.text)
    .text                                    0x08003820   Section        2  use_no_semi.o(.text)
    .text                                    0x08003822   Section       74  sys_stackheap_outer.o(.text)
    .text                                    0x08003822   Section        0  indicate_semi.o(.text)
    .text                                    0x0800386c   Section        8  rt_locale_intlibspace.o(.text)
    .text                                    0x08003874   Section        0  _printf_fp_infnan.o(.text)
    .text                                    0x080038f4   Section        0  _chval.o(.text)
    .text                                    0x08003910   Section        0  bigflt0.o(.text)
    .text                                    0x080039ec   Section        0  exit.o(.text)
    .text                                    0x080039fe   Section        0  defsig_exit.o(.text)
    .text                                    0x08003a08   Section        0  defsig_rtmem_inner.o(.text)
    .text                                    0x08003a58   Section        0  sys_exit.o(.text)
    .text                                    0x08003a64   Section        0  defsig_general.o(.text)
    .text                                    0x08003a98   Section      128  strcmpv7m.o(.text)
    .text                                    0x08003b18   Section        0  sys_wrch.o(.text)
    CL$$btod_d2e                             0x08003b26   Section       62  btod.o(CL$$btod_d2e)
    CL$$btod_d2e_denorm_low                  0x08003b64   Section       70  btod.o(CL$$btod_d2e_denorm_low)
    CL$$btod_d2e_norm_op1                    0x08003baa   Section       96  btod.o(CL$$btod_d2e_norm_op1)
    CL$$btod_div_common                      0x08003c0a   Section      824  btod.o(CL$$btod_div_common)
    CL$$btod_e2e                             0x08003f42   Section      198  btod.o(CL$$btod_e2e)
    CL$$btod_ediv                            0x08004008   Section       40  btod.o(CL$$btod_ediv)
    CL$$btod_emul                            0x08004030   Section       40  btod.o(CL$$btod_emul)
    CL$$btod_mult_common                     0x08004058   Section      580  btod.o(CL$$btod_mult_common)
    i.__ARM_fpclassify                       0x0800429c   Section        0  fpclassify.o(i.__ARM_fpclassify)
    i._is_digit                              0x080042c4   Section        0  __printf_wp.o(i._is_digit)
    locale$$code                             0x080042d4   Section       44  lc_ctype_c.o(locale$$code)
    locale$$code                             0x08004300   Section       44  lc_numeric_c.o(locale$$code)
    x$fpl$printf1                            0x0800432c   Section        4  printf1.o(x$fpl$printf1)
    .constdata                               0x08004330   Section       17  __printf_flags_ss_wp.o(.constdata)
    x$fpl$usenofp                            0x08004330   Section        0  usenofp.o(x$fpl$usenofp)
    maptable                                 0x08004330   Data          17  __printf_flags_ss_wp.o(.constdata)
    .constdata                               0x08004344   Section        8  _printf_wctomb.o(.constdata)
    initial_mbstate                          0x08004344   Data           8  _printf_wctomb.o(.constdata)
    .constdata                               0x0800434c   Section       40  _printf_hex_int_ll_ptr.o(.constdata)
    uc_hextab                                0x0800434c   Data          20  _printf_hex_int_ll_ptr.o(.constdata)
    lc_hextab                                0x08004360   Data          20  _printf_hex_int_ll_ptr.o(.constdata)
    .constdata                               0x08004374   Section      148  bigflt0.o(.constdata)
    tenpwrs_x                                0x08004374   Data          60  bigflt0.o(.constdata)
    tenpwrs_i                                0x080043b0   Data          64  bigflt0.o(.constdata)
    locale$$data                             0x08004428   Section      272  lc_ctype_c.o(locale$$data)
    __lcctype_c_name                         0x0800442c   Data           2  lc_ctype_c.o(locale$$data)
    __lcctype_c_start                        0x08004434   Data           0  lc_ctype_c.o(locale$$data)
    locale$$data                             0x08004538   Section       28  lc_numeric_c.o(locale$$data)
    __lcctype_c_end                          0x08004538   Data           0  lc_ctype_c.o(locale$$data)
    __lcnum_c_name                           0x0800453c   Data           2  lc_numeric_c.o(locale$$data)
    __lcnum_c_start                          0x08004544   Data           0  lc_numeric_c.o(locale$$data)
    __lcnum_c_point                          0x08004550   Data           0  lc_numeric_c.o(locale$$data)
    __lcnum_c_thousands                      0x08004552   Data           0  lc_numeric_c.o(locale$$data)
    __lcnum_c_grouping                       0x08004553   Data           0  lc_numeric_c.o(locale$$data)
    __lcnum_c_end                            0x08004554   Data           0  lc_numeric_c.o(locale$$data)
    .data                                    0x20000000   Section       20  system_stm32f10x.o(.data)
    .data                                    0x20000014   Section       20  stm32f10x_rcc.o(.data)
    APBAHBPrescTable                         0x20000014   Data          16  stm32f10x_rcc.o(.data)
    ADCPrescTable                            0x20000024   Data           4  stm32f10x_rcc.o(.data)
    .data                                    0x20000028   Section        4  delay.o(.data)
    .data                                    0x2000002c   Section        4  led.o(.data)
    .data                                    0x20000030   Section        4  esp8266.o(.data)
    .bss                                     0x20000034   Section      128  esp8266.o(.bss)
    .bss                                     0x200000b4   Section       96  libspace.o(.bss)
    HEAP                                     0x20000118   Section      512  startup_stm32f10x_md.o(HEAP)
    Heap_Mem                                 0x20000118   Data         512  startup_stm32f10x_md.o(HEAP)
    STACK                                    0x20000318   Section     1024  startup_stm32f10x_md.o(STACK)
    Stack_Mem                                0x20000318   Data        1024  startup_stm32f10x_md.o(STACK)
    __initial_sp                             0x20000718   Data           0  startup_stm32f10x_md.o(STACK)

    Global Symbols

    Symbol Name                              Value     Ov Type        Size  Object(Section)

    BuildAttributes$$THM_ISAv4$P$D$K$B$S$PE$A:L22UL41UL21$X:L11$S22US41US21$IEEE1$IW$USESV6$~STKCKD$USESV7$~SHL$OTIME$ROPI$IEEEJ$EBA8$UX$STANDARDLIB$REQ8$PRES8$EABIv2 0x00000000   Number         0  anon$$obj.o ABSOLUTE
    __ARM_use_no_argv                        0x00000000   Number         0  main.o ABSOLUTE
    _printf_flags                            0x00000000   Number         0  printf_stubs.o ABSOLUTE
    _printf_return_value                     0x00000000   Number         0  printf_stubs.o ABSOLUTE
    _printf_sizespec                         0x00000000   Number         0  printf_stubs.o ABSOLUTE
    _printf_widthprec                        0x00000000   Number         0  printf_stubs.o ABSOLUTE
    __ARM_exceptions_init                     - Undefined Weak Reference
    __alloca_initialize                       - Undefined Weak Reference
    __arm_preinit_                            - Undefined Weak Reference
    __cpp_initialize__aeabi_                  - Undefined Weak Reference
    __cxa_finalize                            - Undefined Weak Reference
    __sigvec_lookup                           - Undefined Weak Reference
    __user_heap_extent                        - Undefined Weak Reference
    _atexit_init                              - Undefined Weak Reference
    _call_atexit_fns                          - Undefined Weak Reference
    _clock_init                               - Undefined Weak Reference
    _fp_trap_init                             - Undefined Weak Reference
    _fp_trap_shutdown                         - Undefined Weak Reference
    _get_lc_collate                           - Undefined Weak Reference
    _get_lc_monetary                          - Undefined Weak Reference
    _get_lc_time                              - Undefined Weak Reference
    _getenv_init                              - Undefined Weak Reference
    _handle_redirection                       - Undefined Weak Reference
    _initio                                   - Undefined Weak Reference
    _mutex_acquire                            - Undefined Weak Reference
    _mutex_free                               - Undefined Weak Reference
    _mutex_release                            - Undefined Weak Reference
    _printf_fp_hex                            - Undefined Weak Reference
    _printf_mbtowc                            - Undefined Weak Reference
    _printf_wc                                - Undefined Weak Reference
    _rand_init                                - Undefined Weak Reference
    _signal_finish                            - Undefined Weak Reference
    _signal_init                              - Undefined Weak Reference
    _terminateio                              - Undefined Weak Reference
    __Vectors_Size                           0x000000ec   Number         0  startup_stm32f10x_md.o ABSOLUTE
    __Vectors                                0x08000000   Data           4  startup_stm32f10x_md.o(RESET)
    __Vectors_End                            0x080000ec   Data           0  startup_stm32f10x_md.o(RESET)
    __main                                   0x080000ed   Thumb Code     8  __main.o(!!!main)
    __scatterload                            0x080000f5   Thumb Code     0  __scatter.o(!!!scatter)
    __scatterload_rt2                        0x080000f5   Thumb Code    44  __scatter.o(!!!scatter)
    __scatterload_rt2_thumb_only             0x080000f5   Thumb Code     0  __scatter.o(!!!scatter)
    __scatterload_null                       0x08000103   Thumb Code     0  __scatter.o(!!!scatter)
    __scatterload_copy                       0x08000129   Thumb Code    26  __scatter_copy.o(!!handler_copy)
    __scatterload_zeroinit                   0x08000145   Thumb Code    28  __scatter_zi.o(!!handler_zi)
    _printf_n                                0x08000161   Thumb Code     0  _printf_n.o(.ARM.Collect$$_printf_percent$$00000001)
    _printf_percent                          0x08000161   Thumb Code     0  _printf_percent.o(.ARM.Collect$$_printf_percent$$00000000)
    _printf_p                                0x08000167   Thumb Code     0  _printf_p.o(.ARM.Collect$$_printf_percent$$00000002)
    _printf_f                                0x0800016d   Thumb Code     0  _printf_f.o(.ARM.Collect$$_printf_percent$$00000003)
    _printf_e                                0x08000173   Thumb Code     0  _printf_e.o(.ARM.Collect$$_printf_percent$$00000004)
    _printf_g                                0x08000179   Thumb Code     0  _printf_g.o(.ARM.Collect$$_printf_percent$$00000005)
    _printf_a                                0x0800017f   Thumb Code     0  _printf_a.o(.ARM.Collect$$_printf_percent$$00000006)
    _printf_ll                               0x08000185   Thumb Code     0  _printf_ll.o(.ARM.Collect$$_printf_percent$$00000007)
    _printf_i                                0x0800018f   Thumb Code     0  _printf_i.o(.ARM.Collect$$_printf_percent$$00000008)
    _printf_d                                0x08000195   Thumb Code     0  _printf_d.o(.ARM.Collect$$_printf_percent$$00000009)
    _printf_u                                0x0800019b   Thumb Code     0  _printf_u.o(.ARM.Collect$$_printf_percent$$0000000A)
    _printf_o                                0x080001a1   Thumb Code     0  _printf_o.o(.ARM.Collect$$_printf_percent$$0000000B)
    _printf_x                                0x080001a7   Thumb Code     0  _printf_x.o(.ARM.Collect$$_printf_percent$$0000000C)
    _printf_lli                              0x080001ad   Thumb Code     0  _printf_lli.o(.ARM.Collect$$_printf_percent$$0000000D)
    _printf_lld                              0x080001b3   Thumb Code     0  _printf_lld.o(.ARM.Collect$$_printf_percent$$0000000E)
    _printf_llu                              0x080001b9   Thumb Code     0  _printf_llu.o(.ARM.Collect$$_printf_percent$$0000000F)
    _printf_llo                              0x080001bf   Thumb Code     0  _printf_llo.o(.ARM.Collect$$_printf_percent$$00000010)
    _printf_llx                              0x080001c5   Thumb Code     0  _printf_llx.o(.ARM.Collect$$_printf_percent$$00000011)
    _printf_l                                0x080001cb   Thumb Code     0  _printf_l.o(.ARM.Collect$$_printf_percent$$00000012)
    _printf_c                                0x080001d5   Thumb Code     0  _printf_c.o(.ARM.Collect$$_printf_percent$$00000013)
    _printf_s                                0x080001db   Thumb Code     0  _printf_s.o(.ARM.Collect$$_printf_percent$$00000014)
    _printf_lc                               0x080001e1   Thumb Code     0  _printf_lc.o(.ARM.Collect$$_printf_percent$$00000015)
    _printf_ls                               0x080001e7   Thumb Code     0  _printf_ls.o(.ARM.Collect$$_printf_percent$$00000016)
    _printf_percent_end                      0x080001ed   Thumb Code     0  _printf_percent_end.o(.ARM.Collect$$_printf_percent$$00000017)
    __rt_lib_init                            0x080001f1   Thumb Code     0  libinit.o(.ARM.Collect$$libinit$$00000000)
    __rt_lib_init_fp_1                       0x080001f3   Thumb Code     0  libinit2.o(.ARM.Collect$$libinit$$00000002)
    __rt_lib_init_heap_2                     0x080001f3   Thumb Code     0  libinit2.o(.ARM.Collect$$libinit$$00000005)
    __rt_lib_init_preinit_1                  0x080001f3   Thumb Code     0  libinit2.o(.ARM.Collect$$libinit$$00000004)
    __rt_lib_init_heap_1                     0x080001fb   Thumb Code     0  libinit2.o(.ARM.Collect$$libinit$$0000000A)
    __rt_lib_init_lc_common                  0x080001fb   Thumb Code     0  libinit2.o(.ARM.Collect$$libinit$$0000000F)
    __rt_lib_init_rand_1                     0x080001fb   Thumb Code     0  libinit2.o(.ARM.Collect$$libinit$$0000000E)
    __rt_lib_init_user_alloc_1               0x080001fb   Thumb Code     0  libinit2.o(.ARM.Collect$$libinit$$0000000C)
    __rt_lib_init_lc_collate_1               0x08000201   Thumb Code     0  libinit2.o(.ARM.Collect$$libinit$$00000011)
    __rt_lib_init_lc_ctype_2                 0x08000201   Thumb Code     0  libinit2.o(.ARM.Collect$$libinit$$00000012)
    __rt_lib_init_lc_ctype_1                 0x0800020d   Thumb Code     0  libinit2.o(.ARM.Collect$$libinit$$00000013)
    __rt_lib_init_lc_monetary_1              0x0800020d   Thumb Code     0  libinit2.o(.ARM.Collect$$libinit$$00000015)
    __rt_lib_init_lc_numeric_2               0x0800020d   Thumb Code     0  libinit2.o(.ARM.Collect$$libinit$$00000016)
    __rt_lib_init_alloca_1                   0x08000217   Thumb Code     0  libinit2.o(.ARM.Collect$$libinit$$0000002E)
    __rt_lib_init_argv_1                     0x08000217   Thumb Code     0  libinit2.o(.ARM.Collect$$libinit$$0000002C)
    __rt_lib_init_atexit_1                   0x08000217   Thumb Code     0  libinit2.o(.ARM.Collect$$libinit$$0000001B)
    __rt_lib_init_clock_1                    0x08000217   Thumb Code     0  libinit2.o(.ARM.Collect$$libinit$$00000021)
    __rt_lib_init_cpp_1                      0x08000217   Thumb Code     0  libinit2.o(.ARM.Collect$$libinit$$00000032)
    __rt_lib_init_exceptions_1               0x08000217   Thumb Code     0  libinit2.o(.ARM.Collect$$libinit$$00000030)
    __rt_lib_init_fp_trap_1                  0x08000217   Thumb Code     0  libinit2.o(.ARM.Collect$$libinit$$0000001F)
    __rt_lib_init_getenv_1                   0x08000217   Thumb Code     0  libinit2.o(.ARM.Collect$$libinit$$00000023)
    __rt_lib_init_lc_numeric_1               0x08000217   Thumb Code     0  libinit2.o(.ARM.Collect$$libinit$$00000017)
    __rt_lib_init_lc_time_1                  0x08000217   Thumb Code     0  libinit2.o(.ARM.Collect$$libinit$$00000019)
    __rt_lib_init_return                     0x08000217   Thumb Code     0  libinit2.o(.ARM.Collect$$libinit$$00000033)
    __rt_lib_init_signal_1                   0x08000217   Thumb Code     0  libinit2.o(.ARM.Collect$$libinit$$0000001D)
    __rt_lib_init_stdio_1                    0x08000217   Thumb Code     0  libinit2.o(.ARM.Collect$$libinit$$00000025)
    __rt_lib_shutdown                        0x08000219   Thumb Code     0  libshutdown.o(.ARM.Collect$$libshutdown$$00000000)
    __rt_lib_shutdown_cpp_1                  0x0800021b   Thumb Code     0  libshutdown2.o(.ARM.Collect$$libshutdown$$00000002)
    __rt_lib_shutdown_fp_trap_1              0x0800021b   Thumb Code     0  libshutdown2.o(.ARM.Collect$$libshutdown$$00000007)
    __rt_lib_shutdown_heap_1                 0x0800021b   Thumb Code     0  libshutdown2.o(.ARM.Collect$$libshutdown$$0000000F)
    __rt_lib_shutdown_return                 0x0800021b   Thumb Code     0  libshutdown2.o(.ARM.Collect$$libshutdown$$00000010)
    __rt_lib_shutdown_signal_1               0x0800021b   Thumb Code     0  libshutdown2.o(.ARM.Collect$$libshutdown$$0000000A)
    __rt_lib_shutdown_stdio_1                0x0800021b   Thumb Code     0  libshutdown2.o(.ARM.Collect$$libshutdown$$00000004)
    __rt_lib_shutdown_user_alloc_1           0x0800021b   Thumb Code     0  libshutdown2.o(.ARM.Collect$$libshutdown$$0000000C)
    __rt_entry                               0x0800021d   Thumb Code     0  __rtentry.o(.ARM.Collect$$rtentry$$00000000)
    __rt_entry_presh_1                       0x0800021d   Thumb Code     0  __rtentry2.o(.ARM.Collect$$rtentry$$00000002)
    __rt_entry_sh                            0x0800021d   Thumb Code     0  __rtentry4.o(.ARM.Collect$$rtentry$$00000004)
    __rt_entry_li                            0x08000223   Thumb Code     0  __rtentry2.o(.ARM.Collect$$rtentry$$0000000A)
    __rt_entry_postsh_1                      0x08000223   Thumb Code     0  __rtentry2.o(.ARM.Collect$$rtentry$$00000009)
    __rt_entry_main                          0x08000227   Thumb Code     0  __rtentry2.o(.ARM.Collect$$rtentry$$0000000D)
    __rt_entry_postli_1                      0x08000227   Thumb Code     0  __rtentry2.o(.ARM.Collect$$rtentry$$0000000C)
    __rt_exit                                0x0800022f   Thumb Code     0  rtexit.o(.ARM.Collect$$rtexit$$00000000)
    __rt_exit_ls                             0x08000231   Thumb Code     0  rtexit2.o(.ARM.Collect$$rtexit$$00000003)
    __rt_exit_prels_1                        0x08000231   Thumb Code     0  rtexit2.o(.ARM.Collect$$rtexit$$00000002)
    __rt_exit_exit                           0x08000235   Thumb Code     0  rtexit2.o(.ARM.Collect$$rtexit$$00000004)
    NMI_Handler                              0x0800023d   Thumb Code     2  stm32f10x_it.o(.text)
    _maybe_terminate_alloc                   0x0800023d   Thumb Code     0  maybetermalloc1.o(.emb_text)
    HardFault_Handler                        0x0800023f   Thumb Code    12  stm32f10x_it.o(.text)
    MemManage_Handler                        0x0800024b   Thumb Code    12  stm32f10x_it.o(.text)
    BusFault_Handler                         0x08000257   Thumb Code    12  stm32f10x_it.o(.text)
    UsageFault_Handler                       0x08000263   Thumb Code    12  stm32f10x_it.o(.text)
    SVC_Handler                              0x0800026f   Thumb Code     2  stm32f10x_it.o(.text)
    DebugMon_Handler                         0x08000271   Thumb Code     2  stm32f10x_it.o(.text)
    SysTick_Handler                          0x08000273   Thumb Code     2  stm32f10x_it.o(.text)
    EXTI0_IRQHandler                         0x08000275   Thumb Code     2  stm32f10x_it.o(.text)
    RTC_IRQHandler                           0x08000277   Thumb Code     2  stm32f10x_it.o(.text)
    SystemInit                               0x0800044f   Thumb Code    78  system_stm32f10x.o(.text)
    SystemCoreClockUpdate                    0x0800049d   Thumb Code   142  system_stm32f10x.o(.text)
    Reset_Handler                            0x08000559   Thumb Code     8  startup_stm32f10x_md.o(.text)
    PendSV_Handler                           0x0800056f   Thumb Code     2  startup_stm32f10x_md.o(.text)
    ADC1_2_IRQHandler                        0x08000573   Thumb Code     0  startup_stm32f10x_md.o(.text)
    CAN1_RX1_IRQHandler                      0x08000573   Thumb Code     0  startup_stm32f10x_md.o(.text)
    CAN1_SCE_IRQHandler                      0x08000573   Thumb Code     0  startup_stm32f10x_md.o(.text)
    DMA1_Channel1_IRQHandler                 0x08000573   Thumb Code     0  startup_stm32f10x_md.o(.text)
    DMA1_Channel2_IRQHandler                 0x08000573   Thumb Code     0  startup_stm32f10x_md.o(.text)
    DMA1_Channel3_IRQHandler                 0x08000573   Thumb Code     0  startup_stm32f10x_md.o(.text)
    DMA1_Channel4_IRQHandler                 0x08000573   Thumb Code     0  startup_stm32f10x_md.o(.text)
    DMA1_Channel5_IRQHandler                 0x08000573   Thumb Code     0  startup_stm32f10x_md.o(.text)
    DMA1_Channel6_IRQHandler                 0x08000573   Thumb Code     0  startup_stm32f10x_md.o(.text)
    DMA1_Channel7_IRQHandler                 0x08000573   Thumb Code     0  startup_stm32f10x_md.o(.text)
    EXTI15_10_IRQHandler                     0x08000573   Thumb Code     0  startup_stm32f10x_md.o(.text)
    EXTI1_IRQHandler                         0x08000573   Thumb Code     0  startup_stm32f10x_md.o(.text)
    EXTI2_IRQHandler                         0x08000573   Thumb Code     0  startup_stm32f10x_md.o(.text)
    EXTI3_IRQHandler                         0x08000573   Thumb Code     0  startup_stm32f10x_md.o(.text)
    EXTI4_IRQHandler                         0x08000573   Thumb Code     0  startup_stm32f10x_md.o(.text)
    EXTI9_5_IRQHandler                       0x08000573   Thumb Code     0  startup_stm32f10x_md.o(.text)
    FLASH_IRQHandler                         0x08000573   Thumb Code     0  startup_stm32f10x_md.o(.text)
    I2C1_ER_IRQHandler                       0x08000573   Thumb Code     0  startup_stm32f10x_md.o(.text)
    I2C1_EV_IRQHandler                       0x08000573   Thumb Code     0  startup_stm32f10x_md.o(.text)
    I2C2_ER_IRQHandler                       0x08000573   Thumb Code     0  startup_stm32f10x_md.o(.text)
    I2C2_EV_IRQHandler                       0x08000573   Thumb Code     0  startup_stm32f10x_md.o(.text)
    PVD_IRQHandler                           0x08000573   Thumb Code     0  startup_stm32f10x_md.o(.text)
    RCC_IRQHandler                           0x08000573   Thumb Code     0  startup_stm32f10x_md.o(.text)
    RTCAlarm_IRQHandler                      0x08000573   Thumb Code     0  startup_stm32f10x_md.o(.text)
    SPI1_IRQHandler                          0x08000573   Thumb Code     0  startup_stm32f10x_md.o(.text)
    SPI2_IRQHandler                          0x08000573   Thumb Code     0  startup_stm32f10x_md.o(.text)
    TAMPER_IRQHandler                        0x08000573   Thumb Code     0  startup_stm32f10x_md.o(.text)
    TIM1_BRK_IRQHandler                      0x08000573   Thumb Code     0  startup_stm32f10x_md.o(.text)
    TIM1_CC_IRQHandler                       0x08000573   Thumb Code     0  startup_stm32f10x_md.o(.text)
    TIM1_TRG_COM_IRQHandler                  0x08000573   Thumb Code     0  startup_stm32f10x_md.o(.text)
    TIM1_UP_IRQHandler                       0x08000573   Thumb Code     0  startup_stm32f10x_md.o(.text)
    TIM2_IRQHandler                          0x08000573   Thumb Code     0  startup_stm32f10x_md.o(.text)
    TIM3_IRQHandler                          0x08000573   Thumb Code     0  startup_stm32f10x_md.o(.text)
    TIM4_IRQHandler                          0x08000573   Thumb Code     0  startup_stm32f10x_md.o(.text)
    USART3_IRQHandler                        0x08000573   Thumb Code     0  startup_stm32f10x_md.o(.text)
    USBWakeUp_IRQHandler                     0x08000573   Thumb Code     0  startup_stm32f10x_md.o(.text)
    USB_HP_CAN1_TX_IRQHandler                0x08000573   Thumb Code     0  startup_stm32f10x_md.o(.text)
    USB_LP_CAN1_RX0_IRQHandler               0x08000573   Thumb Code     0  startup_stm32f10x_md.o(.text)
    WWDG_IRQHandler                          0x08000573   Thumb Code     0  startup_stm32f10x_md.o(.text)
    __user_initial_stackheap                 0x08000575   Thumb Code     0  startup_stm32f10x_md.o(.text)
    NVIC_PriorityGroupConfig                 0x08000599   Thumb Code    10  misc.o(.text)
    NVIC_Init                                0x080005a3   Thumb Code   100  misc.o(.text)
    NVIC_SetVectorTable                      0x08000607   Thumb Code    14  misc.o(.text)
    NVIC_SystemLPConfig                      0x08000615   Thumb Code    34  misc.o(.text)
    SysTick_CLKSourceConfig                  0x08000637   Thumb Code    40  misc.o(.text)
    GPIO_DeInit                              0x08000675   Thumb Code   172  stm32f10x_gpio.o(.text)
    GPIO_AFIODeInit                          0x08000721   Thumb Code    20  stm32f10x_gpio.o(.text)
    GPIO_Init                                0x08000735   Thumb Code   278  stm32f10x_gpio.o(.text)
    GPIO_StructInit                          0x0800084b   Thumb Code    16  stm32f10x_gpio.o(.text)
    GPIO_ReadInputDataBit                    0x0800085b   Thumb Code    18  stm32f10x_gpio.o(.text)
    GPIO_ReadInputData                       0x0800086d   Thumb Code     8  stm32f10x_gpio.o(.text)
    GPIO_ReadOutputDataBit                   0x08000875   Thumb Code    18  stm32f10x_gpio.o(.text)
    GPIO_ReadOutputData                      0x08000887   Thumb Code     8  stm32f10x_gpio.o(.text)
    GPIO_SetBits                             0x0800088f   Thumb Code     4  stm32f10x_gpio.o(.text)
    GPIO_ResetBits                           0x08000893   Thumb Code     4  stm32f10x_gpio.o(.text)
    GPIO_WriteBit                            0x08000897   Thumb Code    10  stm32f10x_gpio.o(.text)
    GPIO_Write                               0x080008a1   Thumb Code     4  stm32f10x_gpio.o(.text)
    GPIO_PinLockConfig                       0x080008a5   Thumb Code    18  stm32f10x_gpio.o(.text)
    GPIO_EventOutputConfig                   0x080008b7   Thumb Code    26  stm32f10x_gpio.o(.text)
    GPIO_EventOutputCmd                      0x080008d1   Thumb Code     6  stm32f10x_gpio.o(.text)
    GPIO_PinRemapConfig                      0x080008d7   Thumb Code   138  stm32f10x_gpio.o(.text)
    GPIO_EXTILineConfig                      0x08000961   Thumb Code    66  stm32f10x_gpio.o(.text)
    GPIO_ETH_MediaInterfaceConfig            0x080009a3   Thumb Code     8  stm32f10x_gpio.o(.text)
    RCC_DeInit                               0x080009d1   Thumb Code    64  stm32f10x_rcc.o(.text)
    RCC_HSEConfig                            0x08000a11   Thumb Code    70  stm32f10x_rcc.o(.text)
    RCC_GetFlagStatus                        0x08000a57   Thumb Code    56  stm32f10x_rcc.o(.text)
    RCC_WaitForHSEStartUp                    0x08000a8f   Thumb Code    56  stm32f10x_rcc.o(.text)
    RCC_AdjustHSICalibrationValue            0x08000ac7   Thumb Code    20  stm32f10x_rcc.o(.text)
    RCC_HSICmd                               0x08000adb   Thumb Code     6  stm32f10x_rcc.o(.text)
    RCC_PLLConfig                            0x08000ae1   Thumb Code    24  stm32f10x_rcc.o(.text)
    RCC_PLLCmd                               0x08000af9   Thumb Code     6  stm32f10x_rcc.o(.text)
    RCC_SYSCLKConfig                         0x08000aff   Thumb Code    18  stm32f10x_rcc.o(.text)
    RCC_GetSYSCLKSource                      0x08000b11   Thumb Code    10  stm32f10x_rcc.o(.text)
    RCC_HCLKConfig                           0x08000b1b   Thumb Code    18  stm32f10x_rcc.o(.text)
    RCC_PCLK1Config                          0x08000b2d   Thumb Code    18  stm32f10x_rcc.o(.text)
    RCC_PCLK2Config                          0x08000b3f   Thumb Code    20  stm32f10x_rcc.o(.text)
    RCC_ITConfig                             0x08000b53   Thumb Code    26  stm32f10x_rcc.o(.text)
    RCC_USBCLKConfig                         0x08000b6d   Thumb Code     8  stm32f10x_rcc.o(.text)
    RCC_ADCCLKConfig                         0x08000b75   Thumb Code    18  stm32f10x_rcc.o(.text)
    RCC_LSEConfig                            0x08000b87   Thumb Code    50  stm32f10x_rcc.o(.text)
    RCC_LSICmd                               0x08000bb9   Thumb Code     6  stm32f10x_rcc.o(.text)
    RCC_RTCCLKConfig                         0x08000bbf   Thumb Code    12  stm32f10x_rcc.o(.text)
    RCC_RTCCLKCmd                            0x08000bcb   Thumb Code     8  stm32f10x_rcc.o(.text)
    RCC_GetClocksFreq                        0x08000bd3   Thumb Code   192  stm32f10x_rcc.o(.text)
    RCC_AHBPeriphClockCmd                    0x08000c93   Thumb Code    26  stm32f10x_rcc.o(.text)
    RCC_APB2PeriphClockCmd                   0x08000cad   Thumb Code    26  stm32f10x_rcc.o(.text)
    RCC_APB1PeriphClockCmd                   0x08000cc7   Thumb Code    26  stm32f10x_rcc.o(.text)
    RCC_APB2PeriphResetCmd                   0x08000ce1   Thumb Code    26  stm32f10x_rcc.o(.text)
    RCC_APB1PeriphResetCmd                   0x08000cfb   Thumb Code    26  stm32f10x_rcc.o(.text)
    RCC_BackupResetCmd                       0x08000d15   Thumb Code     8  stm32f10x_rcc.o(.text)
    RCC_ClockSecuritySystemCmd               0x08000d1d   Thumb Code     6  stm32f10x_rcc.o(.text)
    RCC_MCOConfig                            0x08000d23   Thumb Code     6  stm32f10x_rcc.o(.text)
    RCC_ClearFlag                            0x08000d29   Thumb Code    14  stm32f10x_rcc.o(.text)
    RCC_GetITStatus                          0x08000d37   Thumb Code    20  stm32f10x_rcc.o(.text)
    RCC_ClearITPendingBit                    0x08000d4b   Thumb Code     6  stm32f10x_rcc.o(.text)
    USART_DeInit                             0x08000d7d   Thumb Code   134  stm32f10x_usart.o(.text)
    USART_Init                               0x08000e03   Thumb Code   210  stm32f10x_usart.o(.text)
    USART_StructInit                         0x08000ed5   Thumb Code    24  stm32f10x_usart.o(.text)
    USART_ClockInit                          0x08000eed   Thumb Code    34  stm32f10x_usart.o(.text)
    USART_ClockStructInit                    0x08000f0f   Thumb Code    12  stm32f10x_usart.o(.text)
    USART_Cmd                                0x08000f1b   Thumb Code    24  stm32f10x_usart.o(.text)
    USART_ITConfig                           0x08000f33   Thumb Code    74  stm32f10x_usart.o(.text)
    USART_DMACmd                             0x08000f7d   Thumb Code    18  stm32f10x_usart.o(.text)
    USART_SetAddress                         0x08000f8f   Thumb Code    18  stm32f10x_usart.o(.text)
    USART_WakeUpConfig                       0x08000fa1   Thumb Code    18  stm32f10x_usart.o(.text)
    USART_ReceiverWakeUpCmd                  0x08000fb3   Thumb Code    24  stm32f10x_usart.o(.text)
    USART_LINBreakDetectLengthConfig         0x08000fcb   Thumb Code    18  stm32f10x_usart.o(.text)
    USART_LINCmd                             0x08000fdd   Thumb Code    24  stm32f10x_usart.o(.text)
    USART_SendData                           0x08000ff5   Thumb Code     8  stm32f10x_usart.o(.text)
    USART_ReceiveData                        0x08000ffd   Thumb Code    10  stm32f10x_usart.o(.text)
    USART_SendBreak                          0x08001007   Thumb Code    10  stm32f10x_usart.o(.text)
    USART_SetGuardTime                       0x08001011   Thumb Code    16  stm32f10x_usart.o(.text)
    USART_SetPrescaler                       0x08001021   Thumb Code    16  stm32f10x_usart.o(.text)
    USART_SmartCardCmd                       0x08001031   Thumb Code    24  stm32f10x_usart.o(.text)
    USART_SmartCardNACKCmd                   0x08001049   Thumb Code    24  stm32f10x_usart.o(.text)
    USART_HalfDuplexCmd                      0x08001061   Thumb Code    24  stm32f10x_usart.o(.text)
    USART_OverSampling8Cmd                   0x08001079   Thumb Code    22  stm32f10x_usart.o(.text)
    USART_OneBitMethodCmd                    0x0800108f   Thumb Code    24  stm32f10x_usart.o(.text)
    USART_IrDAConfig                         0x080010a7   Thumb Code    18  stm32f10x_usart.o(.text)
    USART_IrDACmd                            0x080010b9   Thumb Code    24  stm32f10x_usart.o(.text)
    USART_GetFlagStatus                      0x080010d1   Thumb Code    26  stm32f10x_usart.o(.text)
    USART_ClearFlag                          0x080010eb   Thumb Code    18  stm32f10x_usart.o(.text)
    USART_GetITStatus                        0x080010fd   Thumb Code    84  stm32f10x_usart.o(.text)
    USART_ClearITPendingBit                  0x08001151   Thumb Code    52  stm32f10x_usart.o(.text)
    Delay_Init                               0x08001185   Thumb Code    48  delay.o(.text)
    DelayUs                                  0x080011b5   Thumb Code    60  delay.o(.text)
    DelayXms                                 0x080011f1   Thumb Code    66  delay.o(.text)
    DelayMs                                  0x08001233   Thumb Code    60  delay.o(.text)
    Led5_Set                                 0x08001279   Thumb Code    40  led.o(.text)
    Led4_Set                                 0x080012a1   Thumb Code    40  led.o(.text)
    Led3_Set                                 0x080012c9   Thumb Code    38  led.o(.text)
    Led2_Set                                 0x080012ef   Thumb Code    38  led.o(.text)
    Led_Init                                 0x08001315   Thumb Code    64  led.o(.text)
    Usart1_Init                              0x0800135d   Thumb Code   166  usart.o(.text)
    Usart2_Init                              0x08001403   Thumb Code   162  usart.o(.text)
    Usart_SendString                         0x080014a5   Thumb Code    50  usart.o(.text)
    UsartPrintf                              0x080014d7   Thumb Code    72  usart.o(.text)
    USART1_IRQHandler                        0x0800151f   Thumb Code    24  usart.o(.text)
    Hardware_Init                            0x08001545   Thumb Code    44  main.o(.text)
    main                                     0x08001571   Thumb Code    86  main.o(.text)
    OneNet_DevLink                           0x080015f5   Thumb Code   240  onenet.o(.text)
    OneNet_FillBuf                           0x080016e5   Thumb Code   160  onenet.o(.text)
    OneNet_SendData                          0x08001785   Thumb Code   128  onenet.o(.text)
    OneNet_RevPro                            0x08001805   Thumb Code  1120  onenet.o(.text)
    EDP_NewBuffer                            0x08001c85   Thumb Code    88  edpkit.o(.text)
    EDP_DeleteBuffer                         0x08001cdd   Thumb Code    28  edpkit.o(.text)
    EDP_UnPacketRecv                         0x08001cf9   Thumb Code     6  edpkit.o(.text)
    EDP_PacketConnect1                       0x08001cff   Thumb Code   232  edpkit.o(.text)
    EDP_PacketConnect2                       0x08001de7   Thumb Code   248  edpkit.o(.text)
    EDP_UnPacketConnectRsp                   0x08001edf   Thumb Code     6  edpkit.o(.text)
    WriteRemainlen                           0x08001ee5   Thumb Code    46  edpkit.o(.text)
    ReadRemainlen                            0x08001f13   Thumb Code    62  edpkit.o(.text)
    EDP_PacketSaveData                       0x08001f51   Thumb Code   460  edpkit.o(.text)
    EDP_PacketPushData                       0x0800211d   Thumb Code   194  edpkit.o(.text)
    EDP_UnPacketPushData                     0x080021df   Thumb Code   176  edpkit.o(.text)
    EDP_UnPacketCmd                          0x0800228f   Thumb Code   214  edpkit.o(.text)
    EDP_PacketCmdResp                        0x08002365   Thumb Code   192  edpkit.o(.text)
    EDP_PacketPing                           0x08002425   Thumb Code    48  edpkit.o(.text)
    ESP8266_Clear                            0x08002455   Thumb Code    18  esp8266.o(.text)
    ESP8266_WaitRecive                       0x08002467   Thumb Code    42  esp8266.o(.text)
    ESP8266_SendCmd                          0x08002491   Thumb Code    76  esp8266.o(.text)
    ESP8266_SendData                         0x080024dd   Thumb Code    46  esp8266.o(.text)
    ESP8266_GetIPD                           0x0800250b   Thumb Code    68  esp8266.o(.text)
    ESP8266_Init                             0x0800254f   Thumb Code   204  esp8266.o(.text)
    USART2_IRQHandler                        0x0800261b   Thumb Code    62  esp8266.o(.text)
    malloc                                   0x08002749   Thumb Code    94  h1_alloc.o(.text)
    free                                     0x080027a7   Thumb Code    78  h1_free.o(.text)
    __c89vsnprintf                           0x080027f5   Thumb Code    48  c89vsnprintf.o(.text)
    __2sprintf                               0x08002829   Thumb Code    38  __2sprintf.o(.text)
    _printf_int_dec                          0x08002855   Thumb Code   104  _printf_dec.o(.text)
    __printf                                 0x080028cd   Thumb Code   388  __printf_flags_ss_wp.o(.text)
    atoi                                     0x08002a55   Thumb Code    26  atoi.o(.text)
    strchr                                   0x08002a6f   Thumb Code    20  strchr.o(.text)
    strncat                                  0x08002a83   Thumb Code    36  strncat.o(.text)
    strstr                                   0x08002aa7   Thumb Code    36  strstr.o(.text)
    strlen                                   0x08002acb   Thumb Code    62  strlen.o(.text)
    strcat                                   0x08002b09   Thumb Code    24  strcat.o(.text)
    __aeabi_memcpy                           0x08002b21   Thumb Code     0  rt_memcpy_v6.o(.text)
    __rt_memcpy                              0x08002b21   Thumb Code   138  rt_memcpy_v6.o(.text)
    _memcpy_lastbytes                        0x08002b87   Thumb Code     0  rt_memcpy_v6.o(.text)
    __aeabi_memclr                           0x08002bab   Thumb Code     0  rt_memclr.o(.text)
    __rt_memclr                              0x08002bab   Thumb Code    68  rt_memclr.o(.text)
    _memset                                  0x08002baf   Thumb Code     0  rt_memclr.o(.text)
    __aeabi_memclr4                          0x08002bef   Thumb Code     0  rt_memclr_w.o(.text)
    __aeabi_memclr8                          0x08002bef   Thumb Code     0  rt_memclr_w.o(.text)
    __rt_memclr_w                            0x08002bef   Thumb Code    78  rt_memclr_w.o(.text)
    _memset_w                                0x08002bf3   Thumb Code     0  rt_memclr_w.o(.text)
    __use_two_region_memory                  0x08002c3d   Thumb Code     2  heapauxi.o(.text)
    __rt_heap_escrow                         0x08002c3f   Thumb Code     2  heapauxi.o(.text)
    __rt_heap_expand                         0x08002c41   Thumb Code     2  heapauxi.o(.text)
    __rt_heap_descriptor                     0x08002c45   Thumb Code     8  rt_heap_descriptor_intlibspace.o(.text)
    __aeabi_errno_addr                       0x08002c4d   Thumb Code     8  rt_errno_addr_intlibspace.o(.text)
    __errno$intlibspace                      0x08002c4d   Thumb Code     0  rt_errno_addr_intlibspace.o(.text)
    __rt_errno_addr$intlibspace              0x08002c4d   Thumb Code     0  rt_errno_addr_intlibspace.o(.text)
    __use_no_heap                            0x08002c55   Thumb Code     2  hguard.o(.text)
    __heap$guard                             0x08002c57   Thumb Code     2  hguard.o(.text)
    _terminate_user_alloc                    0x08002c59   Thumb Code     2  init_alloc.o(.text)
    _init_user_alloc                         0x08002c5b   Thumb Code     2  init_alloc.o(.text)
    __Heap_Full                              0x08002c5d   Thumb Code    34  init_alloc.o(.text)
    __Heap_Broken                            0x08002c7f   Thumb Code     6  init_alloc.o(.text)
    _init_alloc                              0x08002c85   Thumb Code    94  init_alloc.o(.text)
    __Heap_Initialize                        0x08002ce3   Thumb Code    10  h1_init.o(.text)
    __Heap_DescSize                          0x08002ced   Thumb Code     4  h1_init.o(.text)
    _printf_pre_padding                      0x08002cf1   Thumb Code    44  _printf_pad.o(.text)
    _printf_post_padding                     0x08002d1d   Thumb Code    34  _printf_pad.o(.text)
    _printf_truncate_signed                  0x08002d3f   Thumb Code    18  _printf_truncate.o(.text)
    _printf_truncate_unsigned                0x08002d51   Thumb Code    18  _printf_truncate.o(.text)
    _printf_str                              0x08002d63   Thumb Code    82  _printf_str.o(.text)
    _printf_int_common                       0x08002db5   Thumb Code   178  _printf_intcommon.o(.text)
    _printf_charcount                        0x08002e67   Thumb Code    40  _printf_charcount.o(.text)
    _printf_char_common                      0x08002e9b   Thumb Code    32  _printf_char_common.o(.text)
    _sputc                                   0x08002ec1   Thumb Code    10  _sputc.o(.text)
    _snputc                                  0x08002ecb   Thumb Code    16  _snputc.o(.text)
    _printf_wctomb                           0x08002edd   Thumb Code   182  _printf_wctomb.o(.text)
    _printf_longlong_dec                     0x08002f99   Thumb Code   108  _printf_longlong_dec.o(.text)
    _printf_longlong_oct                     0x08003015   Thumb Code    68  _printf_oct_int_ll.o(.text)
    _printf_int_oct                          0x08003059   Thumb Code    24  _printf_oct_int_ll.o(.text)
    _printf_ll_oct                           0x08003071   Thumb Code    12  _printf_oct_int_ll.o(.text)
    _printf_longlong_hex                     0x08003085   Thumb Code    86  _printf_hex_int_ll_ptr.o(.text)
    _printf_int_hex                          0x080030db   Thumb Code    28  _printf_hex_int_ll_ptr.o(.text)
    _printf_ll_hex                           0x080030f7   Thumb Code    12  _printf_hex_int_ll_ptr.o(.text)
    _printf_hex_ptr                          0x08003103   Thumb Code    18  _printf_hex_int_ll_ptr.o(.text)
    strtol                                   0x08003119   Thumb Code   112  strtol.o(.text)
    __aeabi_memcpy4                          0x08003189   Thumb Code     0  rt_memcpy_w.o(.text)
    __aeabi_memcpy8                          0x08003189   Thumb Code     0  rt_memcpy_w.o(.text)
    __rt_memcpy_w                            0x08003189   Thumb Code   100  rt_memcpy_w.o(.text)
    _memcpy_lastbytes_aligned                0x080031d1   Thumb Code     0  rt_memcpy_w.o(.text)
    __user_libspace                          0x080031ed   Thumb Code     8  libspace.o(.text)
    __user_perproc_libspace                  0x080031ed   Thumb Code     0  libspace.o(.text)
    __user_perthread_libspace                0x080031ed   Thumb Code     0  libspace.o(.text)
    __rt_ctype_table                         0x080031f5   Thumb Code    16  rt_ctype_table.o(.text)
    __Heap_ProvideMemory                     0x08003205   Thumb Code    52  h1_extend.o(.text)
    _ll_udiv10                               0x08003239   Thumb Code   138  lludiv10.o(.text)
    __lib_sel_fp_printf                      0x080032c3   Thumb Code     2  _printf_fp_dec.o(.text)
    _printf_fp_dec_real                      0x08003471   Thumb Code   620  _printf_fp_dec.o(.text)
    _printf_cs_common                        0x080036dd   Thumb Code    20  _printf_char.o(.text)
    _printf_char                             0x080036f1   Thumb Code    16  _printf_char.o(.text)
    _printf_string                           0x08003701   Thumb Code     8  _printf_char.o(.text)
    _printf_lcs_common                       0x08003709   Thumb Code    20  _printf_wchar.o(.text)
    _printf_wchar                            0x0800371d   Thumb Code    16  _printf_wchar.o(.text)
    _printf_wstring                          0x0800372d   Thumb Code     8  _printf_wchar.o(.text)
    _strtoul                                 0x08003735   Thumb Code   158  _strtoul.o(.text)
    _wcrtomb                                 0x080037d3   Thumb Code    64  _wcrtomb.o(.text)
    __rt_SIGRTMEM                            0x08003813   Thumb Code    14  defsig_rtmem_outer.o(.text)
    __I$use$semihosting                      0x08003821   Thumb Code     0  use_no_semi.o(.text)
    __use_no_semihosting_swi                 0x08003821   Thumb Code     2  use_no_semi.o(.text)
    __semihosting_library_function           0x08003823   Thumb Code     0  indicate_semi.o(.text)
    __user_setup_stackheap                   0x08003823   Thumb Code    74  sys_stackheap_outer.o(.text)
    __rt_locale                              0x0800386d   Thumb Code     8  rt_locale_intlibspace.o(.text)
    _printf_fp_infnan                        0x08003875   Thumb Code   112  _printf_fp_infnan.o(.text)
    _chval                                   0x080038f5   Thumb Code    28  _chval.o(.text)
    _btod_etento                             0x08003911   Thumb Code   216  bigflt0.o(.text)
    exit                                     0x080039ed   Thumb Code    18  exit.o(.text)
    __sig_exit                               0x080039ff   Thumb Code    10  defsig_exit.o(.text)
    __rt_SIGRTMEM_inner                      0x08003a09   Thumb Code    22  defsig_rtmem_inner.o(.text)
    _sys_exit                                0x08003a59   Thumb Code     8  sys_exit.o(.text)
    __default_signal_display                 0x08003a65   Thumb Code    50  defsig_general.o(.text)
    strcmp                                   0x08003a99   Thumb Code   128  strcmpv7m.o(.text)
    _ttywrch                                 0x08003b19   Thumb Code    14  sys_wrch.o(.text)
    _btod_d2e                                0x08003b27   Thumb Code    62  btod.o(CL$$btod_d2e)
    _d2e_denorm_low                          0x08003b65   Thumb Code    70  btod.o(CL$$btod_d2e_denorm_low)
    _d2e_norm_op1                            0x08003bab   Thumb Code    96  btod.o(CL$$btod_d2e_norm_op1)
    __btod_div_common                        0x08003c0b   Thumb Code   696  btod.o(CL$$btod_div_common)
    _e2e                                     0x08003f43   Thumb Code   198  btod.o(CL$$btod_e2e)
    _btod_ediv                               0x08004009   Thumb Code    40  btod.o(CL$$btod_ediv)
    _btod_emul                               0x08004031   Thumb Code    40  btod.o(CL$$btod_emul)
    __btod_mult_common                       0x08004059   Thumb Code   580  btod.o(CL$$btod_mult_common)
    __ARM_fpclassify                         0x0800429d   Thumb Code    40  fpclassify.o(i.__ARM_fpclassify)
    _is_digit                                0x080042c5   Thumb Code    14  __printf_wp.o(i._is_digit)
    _get_lc_ctype                            0x080042d5   Thumb Code    44  lc_ctype_c.o(locale$$code)
    _get_lc_numeric                          0x08004301   Thumb Code    44  lc_numeric_c.o(locale$$code)
    _printf_fp_dec                           0x0800432d   Thumb Code     4  printf1.o(x$fpl$printf1)
    __I$use$fp                               0x08004330   Number         0  usenofp.o(x$fpl$usenofp)
    Region$$Table$$Base                      0x08004408   Number         0  anon$$obj.o(Region$$Table)
    Region$$Table$$Limit                     0x08004428   Number         0  anon$$obj.o(Region$$Table)
    __ctype                                  0x08004435   Data           0  lc_ctype_c.o(locale$$data)
    SystemCoreClock                          0x20000000   Data           4  system_stm32f10x.o(.data)
    AHBPrescTable                            0x20000004   Data          16  system_stm32f10x.o(.data)
    UsCount                                  0x20000028   Data           1  delay.o(.data)
    MsCount                                  0x2000002a   Data           2  delay.o(.data)
    led_status                               0x2000002c   Data           4  led.o(.data)
    esp8266_cnt                              0x20000030   Data           2  esp8266.o(.data)
    esp8266_cntPre                           0x20000032   Data           2  esp8266.o(.data)
    esp8266_buf                              0x20000034   Data         128  esp8266.o(.bss)
    __libspace_start                         0x200000b4   Data          96  libspace.o(.bss)
    __temporary_stack_top$libspace           0x20000114   Data           0  libspace.o(.bss)



==============================================================================

Memory Map of the image

  Image Entry point : 0x080000ed

  Load Region LR_IROM1 (Base: 0x08000000, Size: 0x00004588, Max: 0x00020000, ABSOLUTE)

    Execution Region ER_IROM1 (Base: 0x08000000, Size: 0x00004554, Max: 0x00020000, ABSOLUTE)

    Base Addr    Size         Type   Attr      Idx    E Section Name        Object

    0x08000000   0x000000ec   Data   RO          139    RESET               startup_stm32f10x_md.o
    0x080000ec   0x00000008   Code   RO          489  * !!!main             c_w.l(__main.o)
    0x080000f4   0x00000034   Code   RO          834    !!!scatter          c_w.l(__scatter.o)
    0x08000128   0x0000001a   Code   RO          836    !!handler_copy      c_w.l(__scatter_copy.o)
    0x08000142   0x00000002   PAD
    0x08000144   0x0000001c   Code   RO          838    !!handler_zi        c_w.l(__scatter_zi.o)
    0x08000160   0x00000000   Code   RO          468    .ARM.Collect$$_printf_percent$$00000000  c_w.l(_printf_percent.o)
    0x08000160   0x00000006   Code   RO          574    .ARM.Collect$$_printf_percent$$00000001  c_w.l(_printf_n.o)
    0x08000166   0x00000006   Code   RO          576    .ARM.Collect$$_printf_percent$$00000002  c_w.l(_printf_p.o)
    0x0800016c   0x00000006   Code   RO          580    .ARM.Collect$$_printf_percent$$00000003  c_w.l(_printf_f.o)
    0x08000172   0x00000006   Code   RO          581    .ARM.Collect$$_printf_percent$$00000004  c_w.l(_printf_e.o)
    0x08000178   0x00000006   Code   RO          582    .ARM.Collect$$_printf_percent$$00000005  c_w.l(_printf_g.o)
    0x0800017e   0x00000006   Code   RO          583    .ARM.Collect$$_printf_percent$$00000006  c_w.l(_printf_a.o)
    0x08000184   0x0000000a   Code   RO          588    .ARM.Collect$$_printf_percent$$00000007  c_w.l(_printf_ll.o)
    0x0800018e   0x00000006   Code   RO          578    .ARM.Collect$$_printf_percent$$00000008  c_w.l(_printf_i.o)
    0x08000194   0x00000006   Code   RO          467    .ARM.Collect$$_printf_percent$$00000009  c_w.l(_printf_d.o)
    0x0800019a   0x00000006   Code   RO          579    .ARM.Collect$$_printf_percent$$0000000A  c_w.l(_printf_u.o)
    0x080001a0   0x00000006   Code   RO          577    .ARM.Collect$$_printf_percent$$0000000B  c_w.l(_printf_o.o)
    0x080001a6   0x00000006   Code   RO          575    .ARM.Collect$$_printf_percent$$0000000C  c_w.l(_printf_x.o)
    0x080001ac   0x00000006   Code   RO          585    .ARM.Collect$$_printf_percent$$0000000D  c_w.l(_printf_lli.o)
    0x080001b2   0x00000006   Code   RO          586    .ARM.Collect$$_printf_percent$$0000000E  c_w.l(_printf_lld.o)
    0x080001b8   0x00000006   Code   RO          587    .ARM.Collect$$_printf_percent$$0000000F  c_w.l(_printf_llu.o)
    0x080001be   0x00000006   Code   RO          592    .ARM.Collect$$_printf_percent$$00000010  c_w.l(_printf_llo.o)
    0x080001c4   0x00000006   Code   RO          593    .ARM.Collect$$_printf_percent$$00000011  c_w.l(_printf_llx.o)
    0x080001ca   0x0000000a   Code   RO          589    .ARM.Collect$$_printf_percent$$00000012  c_w.l(_printf_l.o)
    0x080001d4   0x00000006   Code   RO          572    .ARM.Collect$$_printf_percent$$00000013  c_w.l(_printf_c.o)
    0x080001da   0x00000006   Code   RO          573    .ARM.Collect$$_printf_percent$$00000014  c_w.l(_printf_s.o)
    0x080001e0   0x00000006   Code   RO          590    .ARM.Collect$$_printf_percent$$00000015  c_w.l(_printf_lc.o)
    0x080001e6   0x00000006   Code   RO          591    .ARM.Collect$$_printf_percent$$00000016  c_w.l(_printf_ls.o)
    0x080001ec   0x00000004   Code   RO          584    .ARM.Collect$$_printf_percent$$00000017  c_w.l(_printf_percent_end.o)
    0x080001f0   0x00000002   Code   RO          766    .ARM.Collect$$libinit$$00000000  c_w.l(libinit.o)
    0x080001f2   0x00000000   Code   RO          601    .ARM.Collect$$libinit$$00000002  c_w.l(libinit2.o)
    0x080001f2   0x00000000   Code   RO          603    .ARM.Collect$$libinit$$00000004  c_w.l(libinit2.o)
    0x080001f2   0x00000008   Code   RO          604    .ARM.Collect$$libinit$$00000005  c_w.l(libinit2.o)
    0x080001fa   0x00000000   Code   RO          606    .ARM.Collect$$libinit$$0000000A  c_w.l(libinit2.o)
    0x080001fa   0x00000000   Code   RO          608    .ARM.Collect$$libinit$$0000000C  c_w.l(libinit2.o)
    0x080001fa   0x00000000   Code   RO          610    .ARM.Collect$$libinit$$0000000E  c_w.l(libinit2.o)
    0x080001fa   0x00000006   Code   RO          611    .ARM.Collect$$libinit$$0000000F  c_w.l(libinit2.o)
    0x08000200   0x00000000   Code   RO          613    .ARM.Collect$$libinit$$00000011  c_w.l(libinit2.o)
    0x08000200   0x0000000c   Code   RO          614    .ARM.Collect$$libinit$$00000012  c_w.l(libinit2.o)
    0x0800020c   0x00000000   Code   RO          615    .ARM.Collect$$libinit$$00000013  c_w.l(libinit2.o)
    0x0800020c   0x00000000   Code   RO          617    .ARM.Collect$$libinit$$00000015  c_w.l(libinit2.o)
    0x0800020c   0x0000000a   Code   RO          618    .ARM.Collect$$libinit$$00000016  c_w.l(libinit2.o)
    0x08000216   0x00000000   Code   RO          619    .ARM.Collect$$libinit$$00000017  c_w.l(libinit2.o)
    0x08000216   0x00000000   Code   RO          621    .ARM.Collect$$libinit$$00000019  c_w.l(libinit2.o)
    0x08000216   0x00000000   Code   RO          623    .ARM.Collect$$libinit$$0000001B  c_w.l(libinit2.o)
    0x08000216   0x00000000   Code   RO          625    .ARM.Collect$$libinit$$0000001D  c_w.l(libinit2.o)
    0x08000216   0x00000000   Code   RO          627    .ARM.Collect$$libinit$$0000001F  c_w.l(libinit2.o)
    0x08000216   0x00000000   Code   RO          629    .ARM.Collect$$libinit$$00000021  c_w.l(libinit2.o)
    0x08000216   0x00000000   Code   RO          631    .ARM.Collect$$libinit$$00000023  c_w.l(libinit2.o)
    0x08000216   0x00000000   Code   RO          633    .ARM.Collect$$libinit$$00000025  c_w.l(libinit2.o)
    0x08000216   0x00000000   Code   RO          637    .ARM.Collect$$libinit$$0000002C  c_w.l(libinit2.o)
    0x08000216   0x00000000   Code   RO          639    .ARM.Collect$$libinit$$0000002E  c_w.l(libinit2.o)
    0x08000216   0x00000000   Code   RO          641    .ARM.Collect$$libinit$$00000030  c_w.l(libinit2.o)
    0x08000216   0x00000000   Code   RO          643    .ARM.Collect$$libinit$$00000032  c_w.l(libinit2.o)
    0x08000216   0x00000002   Code   RO          644    .ARM.Collect$$libinit$$00000033  c_w.l(libinit2.o)
    0x08000218   0x00000002   Code   RO          831    .ARM.Collect$$libshutdown$$00000000  c_w.l(libshutdown.o)
    0x0800021a   0x00000000   Code   RO          787    .ARM.Collect$$libshutdown$$00000002  c_w.l(libshutdown2.o)
    0x0800021a   0x00000000   Code   RO          789    .ARM.Collect$$libshutdown$$00000004  c_w.l(libshutdown2.o)
    0x0800021a   0x00000000   Code   RO          792    .ARM.Collect$$libshutdown$$00000007  c_w.l(libshutdown2.o)
    0x0800021a   0x00000000   Code   RO          795    .ARM.Collect$$libshutdown$$0000000A  c_w.l(libshutdown2.o)
    0x0800021a   0x00000000   Code   RO          797    .ARM.Collect$$libshutdown$$0000000C  c_w.l(libshutdown2.o)
    0x0800021a   0x00000000   Code   RO          800    .ARM.Collect$$libshutdown$$0000000F  c_w.l(libshutdown2.o)
    0x0800021a   0x00000002   Code   RO          801    .ARM.Collect$$libshutdown$$00000010  c_w.l(libshutdown2.o)
    0x0800021c   0x00000000   Code   RO          493    .ARM.Collect$$rtentry$$00000000  c_w.l(__rtentry.o)
    0x0800021c   0x00000000   Code   RO          653    .ARM.Collect$$rtentry$$00000002  c_w.l(__rtentry2.o)
    0x0800021c   0x00000006   Code   RO          665    .ARM.Collect$$rtentry$$00000004  c_w.l(__rtentry4.o)
    0x08000222   0x00000000   Code   RO          655    .ARM.Collect$$rtentry$$00000009  c_w.l(__rtentry2.o)
    0x08000222   0x00000004   Code   RO          656    .ARM.Collect$$rtentry$$0000000A  c_w.l(__rtentry2.o)
    0x08000226   0x00000000   Code   RO          658    .ARM.Collect$$rtentry$$0000000C  c_w.l(__rtentry2.o)
    0x08000226   0x00000008   Code   RO          659    .ARM.Collect$$rtentry$$0000000D  c_w.l(__rtentry2.o)
    0x0800022e   0x00000002   Code   RO          774    .ARM.Collect$$rtexit$$00000000  c_w.l(rtexit.o)
    0x08000230   0x00000000   Code   RO          805    .ARM.Collect$$rtexit$$00000002  c_w.l(rtexit2.o)
    0x08000230   0x00000004   Code   RO          806    .ARM.Collect$$rtexit$$00000003  c_w.l(rtexit2.o)
    0x08000234   0x00000006   Code   RO          807    .ARM.Collect$$rtexit$$00000004  c_w.l(rtexit2.o)
    0x0800023a   0x00000002   PAD
    0x0800023c   0x00000000   Code   RO          671    .emb_text           c_w.l(maybetermalloc1.o)
    0x0800023c   0x00000134   Code   RO           17    .text               stm32f10x_it.o
    0x08000370   0x000001e8   Code   RO          119    .text               system_stm32f10x.o
    0x08000558   0x00000040   Code   RO          140    .text               startup_stm32f10x_md.o
    0x08000598   0x000000dc   Code   RO          144    .text               misc.o
    0x08000674   0x0000035c   Code   RO          182    .text               stm32f10x_gpio.o
    0x080009d0   0x000003ac   Code   RO          194    .text               stm32f10x_rcc.o
    0x08000d7c   0x00000408   Code   RO          208    .text               stm32f10x_usart.o
    0x08001184   0x000000f4   Code   RO          220    .text               delay.o
    0x08001278   0x000000e4   Code   RO          238    .text               led.o
    0x0800135c   0x000001e8   Code   RO          256    .text               usart.o
    0x08001544   0x000000b0   Code   RO          278    .text               main.o
    0x080015f4   0x00000690   Code   RO          300    .text               onenet.o
    0x08001c84   0x000007d0   Code   RO          329    .text               edpkit.o
    0x08002454   0x000002f4   Code   RO          353    .text               esp8266.o
    0x08002748   0x0000005e   Code   RO          379    .text               c_w.l(h1_alloc.o)
    0x080027a6   0x0000004e   Code   RO          381    .text               c_w.l(h1_free.o)
    0x080027f4   0x00000034   Code   RO          437    .text               c_w.l(c89vsnprintf.o)
    0x08002828   0x0000002c   Code   RO          439    .text               c_w.l(__2sprintf.o)
    0x08002854   0x00000078   Code   RO          445    .text               c_w.l(_printf_dec.o)
    0x080028cc   0x00000188   Code   RO          464    .text               c_w.l(__printf_flags_ss_wp.o)
    0x08002a54   0x0000001a   Code   RO          469    .text               c_w.l(atoi.o)
    0x08002a6e   0x00000014   Code   RO          471    .text               c_w.l(strchr.o)
    0x08002a82   0x00000024   Code   RO          473    .text               c_w.l(strncat.o)
    0x08002aa6   0x00000024   Code   RO          475    .text               c_w.l(strstr.o)
    0x08002aca   0x0000003e   Code   RO          477    .text               c_w.l(strlen.o)
    0x08002b08   0x00000018   Code   RO          479    .text               c_w.l(strcat.o)
    0x08002b20   0x0000008a   Code   RO          481    .text               c_w.l(rt_memcpy_v6.o)
    0x08002baa   0x00000044   Code   RO          483    .text               c_w.l(rt_memclr.o)
    0x08002bee   0x0000004e   Code   RO          485    .text               c_w.l(rt_memclr_w.o)
    0x08002c3c   0x00000006   Code   RO          487    .text               c_w.l(heapauxi.o)
    0x08002c42   0x00000002   PAD
    0x08002c44   0x00000008   Code   RO          497    .text               c_w.l(rt_heap_descriptor_intlibspace.o)
    0x08002c4c   0x00000008   Code   RO          502    .text               c_w.l(rt_errno_addr_intlibspace.o)
    0x08002c54   0x00000004   Code   RO          504    .text               c_w.l(hguard.o)
    0x08002c58   0x0000008a   Code   RO          506    .text               c_w.l(init_alloc.o)
    0x08002ce2   0x0000000e   Code   RO          510    .text               c_w.l(h1_init.o)
    0x08002cf0   0x0000004e   Code   RO          524    .text               c_w.l(_printf_pad.o)
    0x08002d3e   0x00000024   Code   RO          526    .text               c_w.l(_printf_truncate.o)
    0x08002d62   0x00000052   Code   RO          528    .text               c_w.l(_printf_str.o)
    0x08002db4   0x000000b2   Code   RO          530    .text               c_w.l(_printf_intcommon.o)
    0x08002e66   0x00000028   Code   RO          532    .text               c_w.l(_printf_charcount.o)
    0x08002e8e   0x00000002   PAD
    0x08002e90   0x00000030   Code   RO          534    .text               c_w.l(_printf_char_common.o)
    0x08002ec0   0x0000000a   Code   RO          536    .text               c_w.l(_sputc.o)
    0x08002eca   0x00000010   Code   RO          538    .text               c_w.l(_snputc.o)
    0x08002eda   0x00000002   PAD
    0x08002edc   0x000000bc   Code   RO          540    .text               c_w.l(_printf_wctomb.o)
    0x08002f98   0x0000007c   Code   RO          543    .text               c_w.l(_printf_longlong_dec.o)
    0x08003014   0x00000070   Code   RO          549    .text               c_w.l(_printf_oct_int_ll.o)
    0x08003084   0x00000094   Code   RO          569    .text               c_w.l(_printf_hex_int_ll_ptr.o)
    0x08003118   0x00000070   Code   RO          594    .text               c_w.l(strtol.o)
    0x08003188   0x00000064   Code   RO          596    .text               c_w.l(rt_memcpy_w.o)
    0x080031ec   0x00000008   Code   RO          649    .text               c_w.l(libspace.o)
    0x080031f4   0x00000010   Code   RO          667    .text               c_w.l(rt_ctype_table.o)
    0x08003204   0x00000034   Code   RO          673    .text               c_w.l(h1_extend.o)
    0x08003238   0x0000008a   Code   RO          677    .text               c_w.l(lludiv10.o)
    0x080032c2   0x0000041a   Code   RO          679    .text               c_w.l(_printf_fp_dec.o)
    0x080036dc   0x0000002c   Code   RO          683    .text               c_w.l(_printf_char.o)
    0x08003708   0x0000002c   Code   RO          685    .text               c_w.l(_printf_wchar.o)
    0x08003734   0x0000009e   Code   RO          687    .text               c_w.l(_strtoul.o)
    0x080037d2   0x00000040   Code   RO          689    .text               c_w.l(_wcrtomb.o)
    0x08003812   0x0000000e   Code   RO          691    .text               c_w.l(defsig_rtmem_outer.o)
    0x08003820   0x00000002   Code   RO          702    .text               c_w.l(use_no_semi.o)
    0x08003822   0x00000000   Code   RO          704    .text               c_w.l(indicate_semi.o)
    0x08003822   0x0000004a   Code   RO          705    .text               c_w.l(sys_stackheap_outer.o)
    0x0800386c   0x00000008   Code   RO          712    .text               c_w.l(rt_locale_intlibspace.o)
    0x08003874   0x00000080   Code   RO          716    .text               c_w.l(_printf_fp_infnan.o)
    0x080038f4   0x0000001c   Code   RO          718    .text               c_w.l(_chval.o)
    0x08003910   0x000000dc   Code   RO          720    .text               c_w.l(bigflt0.o)
    0x080039ec   0x00000012   Code   RO          751    .text               c_w.l(exit.o)
    0x080039fe   0x0000000a   Code   RO          753    .text               c_w.l(defsig_exit.o)
    0x08003a08   0x00000050   Code   RO          755    .text               c_w.l(defsig_rtmem_inner.o)
    0x08003a58   0x0000000c   Code   RO          772    .text               c_w.l(sys_exit.o)
    0x08003a64   0x00000032   Code   RO          782    .text               c_w.l(defsig_general.o)
    0x08003a96   0x00000002   PAD
    0x08003a98   0x00000080   Code   RO          784    .text               c_w.l(strcmpv7m.o)
    0x08003b18   0x0000000e   Code   RO          802    .text               c_w.l(sys_wrch.o)
    0x08003b26   0x0000003e   Code   RO          723    CL$$btod_d2e        c_w.l(btod.o)
    0x08003b64   0x00000046   Code   RO          725    CL$$btod_d2e_denorm_low  c_w.l(btod.o)
    0x08003baa   0x00000060   Code   RO          724    CL$$btod_d2e_norm_op1  c_w.l(btod.o)
    0x08003c0a   0x00000338   Code   RO          733    CL$$btod_div_common  c_w.l(btod.o)
    0x08003f42   0x000000c6   Code   RO          730    CL$$btod_e2e        c_w.l(btod.o)
    0x08004008   0x00000028   Code   RO          727    CL$$btod_ediv       c_w.l(btod.o)
    0x08004030   0x00000028   Code   RO          726    CL$$btod_emul       c_w.l(btod.o)
    0x08004058   0x00000244   Code   RO          732    CL$$btod_mult_common  c_w.l(btod.o)
    0x0800429c   0x00000028   Code   RO          770    i.__ARM_fpclassify  m_ws.l(fpclassify.o)
    0x080042c4   0x0000000e   Code   RO          457    i._is_digit         c_w.l(__printf_wp.o)
    0x080042d2   0x00000002   PAD
    0x080042d4   0x0000002c   Code   RO          746    locale$$code        c_w.l(lc_ctype_c.o)
    0x08004300   0x0000002c   Code   RO          749    locale$$code        c_w.l(lc_numeric_c.o)
    0x0800432c   0x00000004   Code   RO          645    x$fpl$printf1       fz_ws.l(printf1.o)
    0x08004330   0x00000000   Code   RO          769    x$fpl$usenofp       fz_ws.l(usenofp.o)
    0x08004330   0x00000011   Data   RO          465    .constdata          c_w.l(__printf_flags_ss_wp.o)
    0x08004341   0x00000003   PAD
    0x08004344   0x00000008   Data   RO          541    .constdata          c_w.l(_printf_wctomb.o)
    0x0800434c   0x00000028   Data   RO          570    .constdata          c_w.l(_printf_hex_int_ll_ptr.o)
    0x08004374   0x00000094   Data   RO          721    .constdata          c_w.l(bigflt0.o)
    0x08004408   0x00000020   Data   RO          832    Region$$Table       anon$$obj.o
    0x08004428   0x00000110   Data   RO          745    locale$$data        c_w.l(lc_ctype_c.o)
    0x08004538   0x0000001c   Data   RO          748    locale$$data        c_w.l(lc_numeric_c.o)


    Execution Region RW_IRAM1 (Base: 0x20000000, Size: 0x00000718, Max: 0x00005000, ABSOLUTE)

    Base Addr    Size         Type   Attr      Idx    E Section Name        Object

    0x20000000   0x00000014   Data   RW          120    .data               system_stm32f10x.o
    0x20000014   0x00000014   Data   RW          195    .data               stm32f10x_rcc.o
    0x20000028   0x00000004   Data   RW          221    .data               delay.o
    0x2000002c   0x00000004   Data   RW          239    .data               led.o
    0x20000030   0x00000004   Data   RW          355    .data               esp8266.o
    0x20000034   0x00000080   Zero   RW          354    .bss                esp8266.o
    0x200000b4   0x00000060   Zero   RW          650    .bss                c_w.l(libspace.o)
    0x20000114   0x00000004   PAD
    0x20000118   0x00000200   Zero   RW          138    HEAP                startup_stm32f10x_md.o
    0x20000318   0x00000400   Zero   RW          137    STACK               startup_stm32f10x_md.o


==============================================================================

Image component sizes


      Code (inc. data)   RO Data    RW Data    ZI Data      Debug   Object Name

         0          0          0          0          0       4528   core_cm3.o
       244         10          0          4          0       1612   delay.o
      2000          4          0          0          0       8776   edpkit.o
       756        240          0          4        128       3283   esp8266.o
       228          8          0          4          0       2044   led.o
       176         46          0          0          0        769   main.o
       220         22          0          0          0     205377   misc.o
      1680        766          0          0          0       3914   onenet.o
        64         26        236          0       1536        872   startup_stm32f10x_md.o
       860         38          0          0          0       5817   stm32f10x_gpio.o
       308        248          0          0          0      24775   stm32f10x_it.o
       940         44          0         20          0       9056   stm32f10x_rcc.o
      1032         22          0          0          0       8544   stm32f10x_usart.o
       488         46          0         20          0       1983   system_stm32f10x.o
       488         14          0          0          0       3045   usart.o

    ----------------------------------------------------------------------
      9484       1534        268         52       1664     284395   Object Totals
         0          0         32          0          0          0   (incl. Generated)
         0          0          0          0          0          0   (incl. Padding)

    ----------------------------------------------------------------------

      Code (inc. data)   RO Data    RW Data    ZI Data      Debug   Library Member Name

        44          6          0          0          0         84   __2sprintf.o
         8          0          0          0          0         68   __main.o
       392          4         17          0          0         92   __printf_flags_ss_wp.o
        14          0          0          0          0         68   __printf_wp.o
         0          0          0          0          0          0   __rtentry.o
        12          0          0          0          0          0   __rtentry2.o
         6          0          0          0          0          0   __rtentry4.o
        52          8          0          0          0          0   __scatter.o
        26          0          0          0          0          0   __scatter_copy.o
        28          0          0          0          0          0   __scatter_zi.o
        28          0          0          0          0         68   _chval.o
         6          0          0          0          0          0   _printf_a.o
         6          0          0          0          0          0   _printf_c.o
        44          0          0          0          0        108   _printf_char.o
        48          6          0          0          0         96   _printf_char_common.o
        40          0          0          0          0         68   _printf_charcount.o
         6          0          0          0          0          0   _printf_d.o
       120         16          0          0          0         92   _printf_dec.o
         6          0          0          0          0          0   _printf_e.o
         6          0          0          0          0          0   _printf_f.o
      1050          0          0          0          0        216   _printf_fp_dec.o
       128         16          0          0          0         84   _printf_fp_infnan.o
         6          0          0          0          0          0   _printf_g.o
       148          4         40          0          0        160   _printf_hex_int_ll_ptr.o
         6          0          0          0          0          0   _printf_i.o
       178          0          0          0          0         88   _printf_intcommon.o
        10          0          0          0          0          0   _printf_l.o
         6          0          0          0          0          0   _printf_lc.o
        10          0          0          0          0          0   _printf_ll.o
         6          0          0          0          0          0   _printf_lld.o
         6          0          0          0          0          0   _printf_lli.o
         6          0          0          0          0          0   _printf_llo.o
         6          0          0          0          0          0   _printf_llu.o
         6          0          0          0          0          0   _printf_llx.o
       124         16          0          0          0         92   _printf_longlong_dec.o
         6          0          0          0          0          0   _printf_ls.o
         6          0          0          0          0          0   _printf_n.o
         6          0          0          0          0          0   _printf_o.o
       112          8          0          0          0        124   _printf_oct_int_ll.o
         6          0          0          0          0          0   _printf_p.o
        78          0          0          0          0        108   _printf_pad.o
         0          0          0          0          0          0   _printf_percent.o
         4          0          0          0          0          0   _printf_percent_end.o
         6          0          0          0          0          0   _printf_s.o
        82          0          0          0          0         80   _printf_str.o
        36          0          0          0          0         84   _printf_truncate.o
         6          0          0          0          0          0   _printf_u.o
        44          0          0          0          0        108   _printf_wchar.o
       188          6          8          0          0         92   _printf_wctomb.o
         6          0          0          0          0          0   _printf_x.o
        16          0          0          0          0         68   _snputc.o
        10          0          0          0          0         68   _sputc.o
       158          0          0          0          0         92   _strtoul.o
        64          0          0          0          0         92   _wcrtomb.o
        26          0          0          0          0         80   atoi.o
       220          4        148          0          0         96   bigflt0.o
      1910        128          0          0          0        672   btod.o
        52          4          0          0          0         80   c89vsnprintf.o
        10          0          0          0          0         68   defsig_exit.o
        50          0          0          0          0         88   defsig_general.o
        80         58          0          0          0         76   defsig_rtmem_inner.o
        14          0          0          0          0         80   defsig_rtmem_outer.o
        18          0          0          0          0         80   exit.o
        94          0          0          0          0         80   h1_alloc.o
        52          0          0          0          0         68   h1_extend.o
        78          0          0          0          0         80   h1_free.o
        14          0          0          0          0         84   h1_init.o
         6          0          0          0          0        152   heapauxi.o
         4          0          0          0          0        136   hguard.o
         0          0          0          0          0          0   indicate_semi.o
       138          0          0          0          0        168   init_alloc.o
        44         10        272          0          0         76   lc_ctype_c.o
        44         10         28          0          0         76   lc_numeric_c.o
         2          0          0          0          0          0   libinit.o
        38          0          0          0          0          0   libinit2.o
         2          0          0          0          0          0   libshutdown.o
         2          0          0          0          0          0   libshutdown2.o
         8          4          0          0         96         68   libspace.o
       138          0          0          0          0         80   lludiv10.o
         0          0          0          0          0          0   maybetermalloc1.o
        16          4          0          0          0         76   rt_ctype_table.o
         8          4          0          0          0         68   rt_errno_addr_intlibspace.o
         8          4          0          0          0         68   rt_heap_descriptor_intlibspace.o
         8          4          0          0          0         68   rt_locale_intlibspace.o
        68          0          0          0          0         68   rt_memclr.o
        78          0          0          0          0         80   rt_memclr_w.o
       138          0          0          0          0         68   rt_memcpy_v6.o
       100          0          0          0          0         80   rt_memcpy_w.o
         2          0          0          0          0          0   rtexit.o
        10          0          0          0          0          0   rtexit2.o
        24          0          0          0          0         68   strcat.o
        20          0          0          0          0         68   strchr.o
       128          0          0          0          0         68   strcmpv7m.o
        62          0          0          0          0         76   strlen.o
        36          0          0          0          0         76   strncat.o
        36          0          0          0          0         80   strstr.o
       112          0          0          0          0         88   strtol.o
        12          4          0          0          0         68   sys_exit.o
        74          0          0          0          0         80   sys_stackheap_outer.o
        14          0          0          0          0         76   sys_wrch.o
         2          0          0          0          0         68   use_no_semi.o
         4          0          0          0          0         68   printf1.o
         0          0          0          0          0          0   usenofp.o
        40          0          0          0          0         68   fpclassify.o

    ----------------------------------------------------------------------
      7480        328        516          0        100       6216   Library Totals
        14          0          3          0          4          0   (incl. Padding)

    ----------------------------------------------------------------------

      Code (inc. data)   RO Data    RW Data    ZI Data      Debug   Library Name

      7422        328        513          0         96       6080   c_w.l
         4          0          0          0          0         68   fz_ws.l
        40          0          0          0          0         68   m_ws.l

    ----------------------------------------------------------------------
      7480        328        516          0        100       6216   Library Totals

    ----------------------------------------------------------------------

==============================================================================


      Code (inc. data)   RO Data    RW Data    ZI Data      Debug   

     16964       1862        784         52       1764     285927   Grand Totals
     16964       1862        784         52       1764     285927   ELF Image Totals
     16964       1862        784         52          0          0   ROM Totals

==============================================================================

    Total RO  Size (Code + RO Data)                17748 (  17.33kB)
    Total RW  Size (RW Data + ZI Data)              1816 (   1.77kB)
    Total ROM Size (Code + RO Data + RW Data)      17800 (  17.38kB)

==============================================================================

