<html>
<body>
<pre>
<h1>礦ision Build Log</h1>
<h2>Tool Versions:</h2>
IDE-Version: μVision V5.17.0.0
Copyright (C) 2015 ARM Ltd and ARM Germany GmbH. All rights reserved.
License Information: bingo bingo, guangzhoudaxue, LIC=IC9UH-WKZFT-22KL4-FI5YZ-HCELS-6ZJYV
 
Tool Versions:
Toolchain:       MDK-ARM Professional  Version: 5.17
Toolchain Path:  E:\keil\ARM\ARMCC\Bin
C Compiler:      Armcc.exe V5.06 update 1 (build 61)
Assembler:       Armasm.exe V5.06 update 1 (build 61)
Linker/Locator:  ArmLink.exe V5.06 update 1 (build 61)
Library Manager: ArmAr.exe V5.06 update 1 (build 61)
Hex Converter:   FromElf.exe V5.06 update 1 (build 61)
CPU DLL:         SARMCM3.DLL V5.17
Dialog DLL:      DARMSTM.DLL V1.65.0.0
Target DLL:      UL2CM3.DLL V1.156.1.0
Dialog DLL:      TARMSTM.DLL V1.64.0.0
 
<h2>Project:</h2>
G:\大学\STM32\各种版本资料\麒麟座开发板\kyLinMini-V1.x\2.kyLinMini-V1.x-OneNET-裸机-基础例程\1.ESP8266-EDP_TYPE3-LED\stm32f103.uvprojx
Project File Date:  12/06/2018

<h2>Output:</h2>
*** Using Compiler 'V5.06 update 1 (build 61)', folder: 'E:\keil\ARM\ARMCC\Bin'
Build target 'STM32F103'
compiling onenet.c...
compiling esp8266.c...
linking...
Program Size: Code=16964 RO-data=784 RW-data=52 ZI-data=1764  
FromELF: creating hex file...
".\output\stm32f103.axf" - 0 Error(s), 0 Warning(s).

<h2>Software Packages used:</h2>

Package Vendor: ARM
                http://www.keil.com/pack/ARM.CMSIS.4.5.0.pack
                ARM::CMSIS:CORE:4.3.0
                CMSIS (Cortex Microcontroller Software Interface Standard)
   * Component: CORE Version: 4.3.0

<h2>Collection of Component include folders:</h2>
  G:\大学\STM32\各种版本资料\麒麟座开发板\kyLinMini-V1.x\2.kyLinMini-V1.x-OneNET-裸机-基础例程\1.ESP8266-EDP_TYPE3-LED\RTE
  E:\keil\ARM\CMSIS\4.5.0\CMSIS\Include
  E:\keil\Keil\STM32F1xx_DFP\2.1.0\Device\Include

<h2>Collection of Component Files used:</h2>

   * Component: ARM::CMSIS:CORE:4.3.0
Build Time Elapsed:  00:00:04
</pre>
</body>
</html>
